Mar 30 16:00:22 ip-172-31-16-186 kernel: [    0.000000] Linux version 4.15.0-1032-aws (buildd@lcy01-amd64-025) (gcc version 7.3.0 (Ubuntu 7.3.0-16ubuntu3)) #34-Ubuntu SMP Thu Jan 17 15:18:09 UTC 2019 (Ubuntu 4.15.0-1032.34-aws 4.15.18)
Mar 30 16:00:22 ip-172-31-16-186 kernel: [    0.000000] Command line: BOOT_IMAGE=/boot/vmlinuz-4.15.0-1032-aws root=LABEL=cloudimg-rootfs ro console=tty1 console=ttyS0 nvme_core.io_timeout=4294967295
Mar 30 16:00:22 ip-172-31-16-186 kernel: [    0.000000] KERNEL supported cpus:
Mar 30 16:00:22 ip-172-31-16-186 kernel: [    0.000000]   Intel GenuineIntel
Mar 30 16:00:22 ip-172-31-16-186 kernel: [    0.000000]   AMD AuthenticAMD
Mar 30 16:00:22 ip-172-31-16-186 kernel: [    0.000000]   Centaur CentaurHauls
Mar 30 16:00:22 ip-172-31-16-186 kernel: [    0.000000] x86/fpu: Supporting XSAVE feature 0x001: 'x87 floating point registers'
Mar 30 16:00:22 ip-172-31-16-186 kernel: [    0.000000] x86/fpu: Supporting XSAVE feature 0x002: 'SSE registers'
Mar 30 16:00:22 ip-172-31-16-186 kernel: [    0.000000] x86/fpu: Supporting XSAVE feature 0x004: 'AVX registers'
Mar 30 16:00:22 ip-172-31-16-186 kernel: [    0.000000] x86/fpu: xstate_offset[2]:  576, xstate_sizes[2]:  256
Mar 30 16:00:22 ip-172-31-16-186 kernel: [    0.000000] x86/fpu: Enabled xstate features 0x7, context size is 832 bytes, using 'standard' format.
Mar 30 16:00:22 ip-172-31-16-186 kernel: [    0.000000] e820: BIOS-provided physical RAM map:
Mar 30 16:00:22 ip-172-31-16-186 kernel: [    0.000000] BIOS-e820: [mem 0x0000000000000000-0x000000000009dfff] usable
Mar 30 16:00:22 ip-172-31-16-186 kernel: [    0.000000] BIOS-e820: [mem 0x000000000009e000-0x000000000009ffff] reserved
Mar 30 16:00:22 ip-172-31-16-186 kernel: [    0.000000] BIOS-e820: [mem 0x00000000000e0000-0x00000000000fffff] reserved
Mar 30 16:00:22 ip-172-31-16-186 kernel: [    0.000000] BIOS-e820: [mem 0x0000000000100000-0x000000003fffffff] usable
Mar 30 16:00:22 ip-172-31-16-186 kernel: [    0.000000] BIOS-e820: [mem 0x00000000fc000000-0x00000000ffffffff] reserved
Mar 30 16:00:22 ip-172-31-16-186 kernel: [    0.000000] NX (Execute Disable) protection: active
Mar 30 16:00:22 ip-172-31-16-186 kernel: [    0.000000] SMBIOS 2.7 present.
Mar 30 16:00:22 ip-172-31-16-186 kernel: [    0.000000] DMI: Xen HVM domU, BIOS 4.2.amazon 08/24/2006
Mar 30 16:00:22 ip-172-31-16-186 kernel: [    0.000000] Hypervisor detected: Xen HVM
Mar 30 16:00:22 ip-172-31-16-186 kernel: [    0.000000] Xen version 4.2.
Mar 30 16:00:22 ip-172-31-16-186 kernel: [    0.000000] Xen Platform PCI: I/O protocol version 1
Mar 30 16:00:22 ip-172-31-16-186 kernel: [    0.000000] Netfront and the Xen platform PCI driver have been compiled for this kernel: unplug emulated NICs.
Mar 30 16:00:22 ip-172-31-16-186 kernel: [    0.000000] Blkfront and the Xen platform PCI driver have been compiled for this kernel: unplug emulated disks.
Mar 30 16:00:22 ip-172-31-16-186 kernel: [    0.000000] You might have to change the root device
Mar 30 16:00:22 ip-172-31-16-186 kernel: [    0.000000] from /dev/hd[a-d] to /dev/xvd[a-d]
Mar 30 16:00:22 ip-172-31-16-186 kernel: [    0.000000] in your root= kernel command line option
Mar 30 16:00:22 ip-172-31-16-186 kernel: [    0.000000] HVMOP_pagetable_dying not supported
Mar 30 16:00:22 ip-172-31-16-186 kernel: [    0.000000] e820: update [mem 0x00000000-0x00000fff] usable ==> reserved
Mar 30 16:00:22 ip-172-31-16-186 kernel: [    0.000000] e820: remove [mem 0x000a0000-0x000fffff] usable
Mar 30 16:00:22 ip-172-31-16-186 kernel: [    0.000000] e820: last_pfn = 0x40000 max_arch_pfn = 0x400000000
Mar 30 16:00:22 ip-172-31-16-186 kernel: [    0.000000] MTRR default type: write-back
Mar 30 16:00:22 ip-172-31-16-186 kernel: [    0.000000] MTRR fixed ranges enabled:
Mar 30 16:00:22 ip-172-31-16-186 kernel: [    0.000000]   00000-9FFFF write-back
Mar 30 16:00:22 ip-172-31-16-186 kernel: [    0.000000]   A0000-BFFFF write-combining
Mar 30 16:00:22 ip-172-31-16-186 kernel: [    0.000000]   C0000-FFFFF write-back
Mar 30 16:00:22 ip-172-31-16-186 kernel: [    0.000000] MTRR variable ranges enabled:
Mar 30 16:00:22 ip-172-31-16-186 kernel: [    0.000000]   0 base 0000F0000000 mask 3FFFF8000000 uncachable
Mar 30 16:00:22 ip-172-31-16-186 kernel: [    0.000000]   1 base 0000F8000000 mask 3FFFFC000000 uncachable
Mar 30 16:00:22 ip-172-31-16-186 kernel: [    0.000000]   2 disabled
Mar 30 16:00:22 ip-172-31-16-186 kernel: [    0.000000]   3 disabled
Mar 30 16:00:22 ip-172-31-16-186 kernel: [    0.000000]   4 disabled
Mar 30 16:00:22 ip-172-31-16-186 kernel: [    0.000000]   5 disabled
Mar 30 16:00:22 ip-172-31-16-186 kernel: [    0.000000]   6 disabled
Mar 30 16:00:22 ip-172-31-16-186 kernel: [    0.000000]   7 disabled
Mar 30 16:00:22 ip-172-31-16-186 kernel: [    0.000000] x86/PAT: Configuration [0-7]: WB  WC  UC- UC  WB  WP  UC- WT  
Mar 30 16:00:22 ip-172-31-16-186 kernel: [    0.000000] found SMP MP-table at [mem 0x000fbc50-0x000fbc5f] mapped at [        (ptrval)]
Mar 30 16:00:22 ip-172-31-16-186 kernel: [    0.000000] Scanning 1 areas for low memory corruption
Mar 30 16:00:22 ip-172-31-16-186 kernel: [    0.000000] Base memory trampoline at [        (ptrval)] 98000 size 24576
Mar 30 16:00:22 ip-172-31-16-186 kernel: [    0.000000] BRK [0x15118000, 0x15118fff] PGTABLE
Mar 30 16:00:22 ip-172-31-16-186 kernel: [    0.000000] BRK [0x15119000, 0x15119fff] PGTABLE
Mar 30 16:00:22 ip-172-31-16-186 kernel: [    0.000000] BRK [0x1511a000, 0x1511afff] PGTABLE
Mar 30 16:00:22 ip-172-31-16-186 kernel: [    0.000000] BRK [0x1511b000, 0x1511bfff] PGTABLE
Mar 30 16:00:22 ip-172-31-16-186 kernel: [    0.000000] RAMDISK: [mem 0x359dd000-0x36ce5fff]
Mar 30 16:00:22 ip-172-31-16-186 kernel: [    0.000000] ACPI: Early table checksum verification disabled
Mar 30 16:00:22 ip-172-31-16-186 kernel: [    0.000000] ACPI: RSDP 0x00000000000EA020 000024 (v02 Xen   )
Mar 30 16:00:22 ip-172-31-16-186 kernel: [    0.000000] ACPI: XSDT 0x00000000FC00E2A0 000054 (v01 Xen    HVM      00000000 HVML 00000000)
Mar 30 16:00:22 ip-172-31-16-186 kernel: [    0.000000] ACPI: FACP 0x00000000FC00DF60 0000F4 (v04 Xen    HVM      00000000 HVML 00000000)
Mar 30 16:00:22 ip-172-31-16-186 kernel: [    0.000000] ACPI: DSDT 0x00000000FC0021C0 00BD19 (v02 Xen    HVM      00000000 INTL 20090123)
Mar 30 16:00:22 ip-172-31-16-186 kernel: [    0.000000] ACPI: FACS 0x00000000FC002180 000040
Mar 30 16:00:22 ip-172-31-16-186 kernel: [    0.000000] ACPI: FACS 0x00000000FC002180 000040
Mar 30 16:00:22 ip-172-31-16-186 kernel: [    0.000000] ACPI: APIC 0x00000000FC00E060 0000D8 (v02 Xen    HVM      00000000 HVML 00000000)
Mar 30 16:00:22 ip-172-31-16-186 kernel: [    0.000000] ACPI: HPET 0x00000000FC00E1B0 000038 (v01 Xen    HVM      00000000 HVML 00000000)
Mar 30 16:00:22 ip-172-31-16-186 kernel: [    0.000000] ACPI: WAET 0x00000000FC00E1F0 000028 (v01 Xen    HVM      00000000 HVML 00000000)
Mar 30 16:00:22 ip-172-31-16-186 kernel: [    0.000000] ACPI: SSDT 0x00000000FC00E220 000031 (v02 Xen    HVM      00000000 INTL 20090123)
Mar 30 16:00:22 ip-172-31-16-186 kernel: [    0.000000] ACPI: SSDT 0x00000000FC00E260 000033 (v02 Xen    HVM      00000000 INTL 20090123)
Mar 30 16:00:22 ip-172-31-16-186 kernel: [    0.000000] ACPI: Local APIC address 0xfee00000
Mar 30 16:00:22 ip-172-31-16-186 kernel: [    0.000000] No NUMA configuration found
Mar 30 16:00:22 ip-172-31-16-186 kernel: [    0.000000] Faking a node at [mem 0x0000000000000000-0x000000003fffffff]
Mar 30 16:00:22 ip-172-31-16-186 kernel: [    0.000000] NODE_DATA(0) allocated [mem 0x3ffd5000-0x3fffffff]
Mar 30 16:00:22 ip-172-31-16-186 kernel: [    0.000000] tsc: Fast TSC calibration using PIT
Mar 30 16:00:22 ip-172-31-16-186 kernel: [    0.000000] Zone ranges:
Mar 30 16:00:22 ip-172-31-16-186 kernel: [    0.000000]   DMA      [mem 0x0000000000001000-0x0000000000ffffff]
Mar 30 16:00:22 ip-172-31-16-186 kernel: [    0.000000]   DMA32    [mem 0x0000000001000000-0x000000003fffffff]
Mar 30 16:00:22 ip-172-31-16-186 kernel: [    0.000000]   Normal   empty
Mar 30 16:00:22 ip-172-31-16-186 kernel: [    0.000000]   Device   empty
Mar 30 16:00:22 ip-172-31-16-186 kernel: [    0.000000] Movable zone start for each node
Mar 30 16:00:22 ip-172-31-16-186 kernel: [    0.000000] Early memory node ranges
Mar 30 16:00:22 ip-172-31-16-186 kernel: [    0.000000]   node   0: [mem 0x0000000000001000-0x000000000009dfff]
Mar 30 16:00:22 ip-172-31-16-186 kernel: [    0.000000]   node   0: [mem 0x0000000000100000-0x000000003fffffff]
Mar 30 16:00:22 ip-172-31-16-186 kernel: [    0.000000] Reserved but unavailable: 99 pages
Mar 30 16:00:22 ip-172-31-16-186 kernel: [    0.000000] Initmem setup node 0 [mem 0x0000000000001000-0x000000003fffffff]
Mar 30 16:00:22 ip-172-31-16-186 kernel: [    0.000000] On node 0 totalpages: 262045
Mar 30 16:00:22 ip-172-31-16-186 kernel: [    0.000000]   DMA zone: 64 pages used for memmap
Mar 30 16:00:22 ip-172-31-16-186 kernel: [    0.000000]   DMA zone: 21 pages reserved
Mar 30 16:00:22 ip-172-31-16-186 kernel: [    0.000000]   DMA zone: 3997 pages, LIFO batch:0
Mar 30 16:00:22 ip-172-31-16-186 kernel: [    0.000000]   DMA32 zone: 4032 pages used for memmap
Mar 30 16:00:22 ip-172-31-16-186 kernel: [    0.000000]   DMA32 zone: 258048 pages, LIFO batch:31
Mar 30 16:00:22 ip-172-31-16-186 kernel: [    0.000000] ACPI: PM-Timer IO Port: 0xb008
Mar 30 16:00:22 ip-172-31-16-186 kernel: [    0.000000] ACPI: Local APIC address 0xfee00000
Mar 30 16:00:22 ip-172-31-16-186 kernel: [    0.000000] IOAPIC[0]: apic_id 1, version 17, address 0xfec00000, GSI 0-47
Mar 30 16:00:22 ip-172-31-16-186 kernel: [    0.000000] ACPI: INT_SRC_OVR (bus 0 bus_irq 0 global_irq 2 dfl dfl)
Mar 30 16:00:22 ip-172-31-16-186 kernel: [    0.000000] ACPI: INT_SRC_OVR (bus 0 bus_irq 5 global_irq 5 low level)
Mar 30 16:00:22 ip-172-31-16-186 kernel: [    0.000000] ACPI: INT_SRC_OVR (bus 0 bus_irq 10 global_irq 10 low level)
Mar 30 16:00:22 ip-172-31-16-186 kernel: [    0.000000] ACPI: INT_SRC_OVR (bus 0 bus_irq 11 global_irq 11 low level)
Mar 30 16:00:22 ip-172-31-16-186 kernel: [    0.000000] ACPI: IRQ0 used by override.
Mar 30 16:00:22 ip-172-31-16-186 kernel: [    0.000000] ACPI: IRQ5 used by override.
Mar 30 16:00:22 ip-172-31-16-186 kernel: [    0.000000] ACPI: IRQ9 used by override.
Mar 30 16:00:22 ip-172-31-16-186 kernel: [    0.000000] ACPI: IRQ10 used by override.
Mar 30 16:00:22 ip-172-31-16-186 kernel: [    0.000000] ACPI: IRQ11 used by override.
Mar 30 16:00:22 ip-172-31-16-186 kernel: [    0.000000] Using ACPI (MADT) for SMP configuration information
Mar 30 16:00:22 ip-172-31-16-186 kernel: [    0.000000] ACPI: HPET id: 0x8086a201 base: 0xfed00000
Mar 30 16:00:22 ip-172-31-16-186 kernel: [    0.000000] smpboot: Allowing 15 CPUs, 14 hotplug CPUs
Mar 30 16:00:22 ip-172-31-16-186 kernel: [    0.000000] PM: Registered nosave memory: [mem 0x00000000-0x00000fff]
Mar 30 16:00:22 ip-172-31-16-186 kernel: [    0.000000] PM: Registered nosave memory: [mem 0x0009e000-0x0009ffff]
Mar 30 16:00:22 ip-172-31-16-186 kernel: [    0.000000] PM: Registered nosave memory: [mem 0x000a0000-0x000dffff]
Mar 30 16:00:22 ip-172-31-16-186 kernel: [    0.000000] PM: Registered nosave memory: [mem 0x000e0000-0x000fffff]
Mar 30 16:00:22 ip-172-31-16-186 kernel: [    0.000000] e820: [mem 0x40000000-0xfbffffff] available for PCI devices
Mar 30 16:00:22 ip-172-31-16-186 kernel: [    0.000000] Booting paravirtualized kernel on Xen HVM
Mar 30 16:00:22 ip-172-31-16-186 kernel: [    0.000000] clocksource: refined-jiffies: mask: 0xffffffff max_cycles: 0xffffffff, max_idle_ns: 7645519600211568 ns
Mar 30 16:00:22 ip-172-31-16-186 kernel: [    0.000000] random: get_random_bytes called from start_kernel+0x99/0x4fd with crng_init=0
Mar 30 16:00:22 ip-172-31-16-186 kernel: [    0.000000] setup_percpu: NR_CPUS:8192 nr_cpumask_bits:15 nr_cpu_ids:15 nr_node_ids:1
Mar 30 16:00:22 ip-172-31-16-186 kernel: [    0.000000] percpu: Embedded 46 pages/cpu @        (ptrval) s151552 r8192 d28672 u262144
Mar 30 16:00:22 ip-172-31-16-186 kernel: [    0.000000] pcpu-alloc: s151552 r8192 d28672 u262144 alloc=1*2097152
Mar 30 16:00:22 ip-172-31-16-186 kernel: [    0.000000] pcpu-alloc: [0] 00 01 02 03 04 05 06 07 [0] 08 09 10 11 12 13 14 -- 
Mar 30 16:00:22 ip-172-31-16-186 kernel: [    0.000000] xen: PV spinlocks enabled
Mar 30 16:00:22 ip-172-31-16-186 kernel: [    0.000000] PV qspinlock hash table entries: 256 (order: 0, 4096 bytes)
Mar 30 16:00:22 ip-172-31-16-186 kernel: [    0.000000] Built 1 zonelists, mobility grouping on.  Total pages: 257928
Mar 30 16:00:22 ip-172-31-16-186 kernel: [    0.000000] Policy zone: DMA32
Mar 30 16:00:22 ip-172-31-16-186 kernel: [    0.000000] Kernel command line: BOOT_IMAGE=/boot/vmlinuz-4.15.0-1032-aws root=LABEL=cloudimg-rootfs ro console=tty1 console=ttyS0 nvme_core.io_timeout=4294967295
Mar 30 16:00:22 ip-172-31-16-186 kernel: [    0.000000] Calgary: detecting Calgary via BIOS EBDA area
Mar 30 16:00:22 ip-172-31-16-186 kernel: [    0.000000] Calgary: Unable to locate Rio Grande table in EBDA - bailing!
Mar 30 16:00:22 ip-172-31-16-186 kernel: [    0.000000] Memory: 983480K/1048180K available (12300K kernel code, 2393K rwdata, 3920K rodata, 2372K init, 2376K bss, 64700K reserved, 0K cma-reserved)
Mar 30 16:00:22 ip-172-31-16-186 kernel: [    0.000000] SLUB: HWalign=64, Order=0-3, MinObjects=0, CPUs=15, Nodes=1
Mar 30 16:00:22 ip-172-31-16-186 kernel: [    0.000000] Kernel/User page tables isolation: enabled
Mar 30 16:00:22 ip-172-31-16-186 kernel: [    0.000000] ftrace: allocating 37523 entries in 147 pages
Mar 30 16:00:22 ip-172-31-16-186 kernel: [    0.004000] Hierarchical RCU implementation.
Mar 30 16:00:22 ip-172-31-16-186 kernel: [    0.004000] 	RCU restricting CPUs from NR_CPUS=8192 to nr_cpu_ids=15.
Mar 30 16:00:22 ip-172-31-16-186 kernel: [    0.004000] 	Tasks RCU enabled.
Mar 30 16:00:22 ip-172-31-16-186 kernel: [    0.004000] RCU: Adjusting geometry for rcu_fanout_leaf=16, nr_cpu_ids=15
Mar 30 16:00:22 ip-172-31-16-186 kernel: [    0.004000] NR_IRQS: 524544, nr_irqs: 952, preallocated irqs: 16
Mar 30 16:00:22 ip-172-31-16-186 kernel: [    0.004000] xen:events: Using 2-level ABI
Mar 30 16:00:22 ip-172-31-16-186 kernel: [    0.004000] xen:events: Xen HVM callback vector for event delivery is enabled
Mar 30 16:00:22 ip-172-31-16-186 kernel: [    0.004000] Console: colour VGA+ 80x25
Mar 30 16:00:22 ip-172-31-16-186 kernel: [    0.004000] console [tty1] enabled
Mar 30 16:00:22 ip-172-31-16-186 kernel: [    0.004000] Cannot get hvm parameter CONSOLE_EVTCHN (18): -22!
Mar 30 16:00:22 ip-172-31-16-186 kernel: [    0.004000] console [ttyS0] enabled
Mar 30 16:00:22 ip-172-31-16-186 kernel: [    0.004000] ACPI: Core revision 20170831
Mar 30 16:00:22 ip-172-31-16-186 kernel: [    0.004000] ACPI: 3 ACPI AML tables successfully acquired and loaded
Mar 30 16:00:22 ip-172-31-16-186 kernel: [    0.004000] clocksource: hpet: mask: 0xffffffff max_cycles: 0xffffffff, max_idle_ns: 30580167144 ns
Mar 30 16:00:22 ip-172-31-16-186 kernel: [    0.004000] hpet clockevent registered
Mar 30 16:00:22 ip-172-31-16-186 kernel: [    0.004011] APIC: Switch to symmetric I/O mode setup
Mar 30 16:00:22 ip-172-31-16-186 kernel: [    0.008849] x2apic: IRQ remapping doesn't support X2APIC mode
Mar 30 16:00:22 ip-172-31-16-186 kernel: [    0.020004] Switched APIC routing to physical flat.
Mar 30 16:00:22 ip-172-31-16-186 kernel: [    0.030805] ..TIMER: vector=0x30 apic1=0 pin1=2 apic2=0 pin2=0
Mar 30 16:00:22 ip-172-31-16-186 kernel: [    0.044000] tsc: Fast TSC calibration using PIT
Mar 30 16:00:22 ip-172-31-16-186 kernel: [    0.060003] tsc: Detected 2400.270 MHz processor
Mar 30 16:00:22 ip-172-31-16-186 kernel: [    0.064004] tsc: Detected 2400.066 MHz TSC
Mar 30 16:00:22 ip-172-31-16-186 kernel: [    0.064009] Calibrating delay loop (skipped), value calculated using timer frequency.. 4800.13 BogoMIPS (lpj=9600264)
Mar 30 16:00:22 ip-172-31-16-186 kernel: [    0.088005] pid_max: default: 32768 minimum: 301
Mar 30 16:00:22 ip-172-31-16-186 kernel: [    0.092058] Security Framework initialized
Mar 30 16:00:22 ip-172-31-16-186 kernel: [    0.096003] Yama: becoming mindful.
Mar 30 16:00:22 ip-172-31-16-186 kernel: [    0.100047] AppArmor: AppArmor initialized
Mar 30 16:00:22 ip-172-31-16-186 kernel: [    0.104191] Dentry cache hash table entries: 131072 (order: 8, 1048576 bytes)
Mar 30 16:00:22 ip-172-31-16-186 kernel: [    0.108094] Inode-cache hash table entries: 65536 (order: 7, 524288 bytes)
Mar 30 16:00:22 ip-172-31-16-186 kernel: [    0.116030] Mount-cache hash table entries: 2048 (order: 2, 16384 bytes)
Mar 30 16:00:22 ip-172-31-16-186 kernel: [    0.128013] Mountpoint-cache hash table entries: 2048 (order: 2, 16384 bytes)
Mar 30 16:00:22 ip-172-31-16-186 kernel: [    0.136293] mce: CPU supports 2 MCE banks
Mar 30 16:00:22 ip-172-31-16-186 kernel: [    0.144030] Last level iTLB entries: 4KB 1024, 2MB 1024, 4MB 1024
Mar 30 16:00:22 ip-172-31-16-186 kernel: [    0.152004] Last level dTLB entries: 4KB 1024, 2MB 1024, 4MB 1024, 1GB 4
Mar 30 16:00:22 ip-172-31-16-186 kernel: [    0.172006] Spectre V2 : Mitigation: Full generic retpoline
Mar 30 16:00:22 ip-172-31-16-186 kernel: [    0.180004] Spectre V2 : Spectre v2 / SpectreRSB mitigation: Filling RSB on context switch
Mar 30 16:00:22 ip-172-31-16-186 kernel: [    0.192004] Speculative Store Bypass: Vulnerable
Mar 30 16:00:22 ip-172-31-16-186 kernel: [    0.209184] clocksource: xen: mask: 0xffffffffffffffff max_cycles: 0x1cd42e4dffb, max_idle_ns: 881590591483 ns
Mar 30 16:00:22 ip-172-31-16-186 kernel: [    0.224025] Xen: using vcpuop timer interface
Mar 30 16:00:22 ip-172-31-16-186 kernel: [    0.224033] installing Xen timer for CPU 0
Mar 30 16:00:22 ip-172-31-16-186 kernel: [    0.248095] smpboot: CPU0: Intel(R) Xeon(R) CPU E5-2676 v3 @ 2.40GHz (family: 0x6, model: 0x3f, stepping: 0x2)
Mar 30 16:00:22 ip-172-31-16-186 kernel: [    0.252048] cpu 0 spinlock event irq 53
Mar 30 16:00:22 ip-172-31-16-186 kernel: [    0.255915] Performance Events: unsupported p6 CPU model 63 no PMU driver, software events only.
Mar 30 16:00:22 ip-172-31-16-186 kernel: [    0.256053] Hierarchical SRCU implementation.
Mar 30 16:00:22 ip-172-31-16-186 kernel: [    0.260624] NMI watchdog: Perf event create on CPU 0 failed with -2
Mar 30 16:00:22 ip-172-31-16-186 kernel: [    0.264007] NMI watchdog: Perf NMI watchdog permanently disabled
Mar 30 16:00:22 ip-172-31-16-186 kernel: [    0.268173] smp: Bringing up secondary CPUs ...
Mar 30 16:00:22 ip-172-31-16-186 kernel: [    0.272008] smp: Brought up 1 node, 1 CPU
Mar 30 16:00:22 ip-172-31-16-186 kernel: [    0.276005] smpboot: Max logical packages: 15
Mar 30 16:00:22 ip-172-31-16-186 kernel: [    0.280005] smpboot: Total of 1 processors activated (4800.13 BogoMIPS)
Mar 30 16:00:22 ip-172-31-16-186 kernel: [    0.284216] devtmpfs: initialized
Mar 30 16:00:22 ip-172-31-16-186 kernel: [    0.288072] x86/mm: Memory block size: 128MB
Mar 30 16:00:22 ip-172-31-16-186 kernel: [    0.292098] evm: security.selinux
Mar 30 16:00:22 ip-172-31-16-186 kernel: [    0.296010] evm: security.SMACK64
Mar 30 16:00:22 ip-172-31-16-186 kernel: [    0.299666] evm: security.SMACK64EXEC
Mar 30 16:00:22 ip-172-31-16-186 kernel: [    0.300007] evm: security.SMACK64TRANSMUTE
Mar 30 16:00:22 ip-172-31-16-186 kernel: [    0.303717] evm: security.SMACK64MMAP
Mar 30 16:00:22 ip-172-31-16-186 kernel: [    0.304006] evm: security.apparmor
Mar 30 16:00:22 ip-172-31-16-186 kernel: [    0.307382] evm: security.ima
Mar 30 16:00:22 ip-172-31-16-186 kernel: [    0.308006] evm: security.capability
Mar 30 16:00:22 ip-172-31-16-186 kernel: [    0.311698] clocksource: jiffies: mask: 0xffffffff max_cycles: 0xffffffff, max_idle_ns: 7645041785100000 ns
Mar 30 16:00:22 ip-172-31-16-186 kernel: [    0.312020] futex hash table entries: 4096 (order: 6, 262144 bytes)
Mar 30 16:00:22 ip-172-31-16-186 kernel: [    0.316215] RTC time: 16:00:11, date: 03/30/19
Mar 30 16:00:22 ip-172-31-16-186 kernel: [    0.320139] NET: Registered protocol family 16
Mar 30 16:00:22 ip-172-31-16-186 kernel: [    0.324116] audit: initializing netlink subsys (disabled)
Mar 30 16:00:22 ip-172-31-16-186 kernel: [    0.328136] audit: type=2000 audit(1553961611.241:1): state=initialized audit_enabled=0 res=1
Mar 30 16:00:22 ip-172-31-16-186 kernel: [    0.332100] cpuidle: using governor ladder
Mar 30 16:00:22 ip-172-31-16-186 kernel: [    0.336005] cpuidle: using governor menu
Mar 30 16:00:22 ip-172-31-16-186 kernel: [    0.340061] ACPI: bus type PCI registered
Mar 30 16:00:22 ip-172-31-16-186 kernel: [    0.344012] acpiphp: ACPI Hot Plug PCI Controller Driver version: 0.5
Mar 30 16:00:22 ip-172-31-16-186 kernel: [    0.348620] PCI: Using configuration type 1 for base access
Mar 30 16:00:22 ip-172-31-16-186 kernel: [    0.353109] HugeTLB registered 2.00 MiB page size, pre-allocated 0 pages
Mar 30 16:00:22 ip-172-31-16-186 kernel: [    0.356255] ACPI: Added _OSI(Module Device)
Mar 30 16:00:22 ip-172-31-16-186 kernel: [    0.360019] ACPI: Added _OSI(Processor Device)
Mar 30 16:00:22 ip-172-31-16-186 kernel: [    0.364014] ACPI: Added _OSI(3.0 _SCP Extensions)
Mar 30 16:00:22 ip-172-31-16-186 kernel: [    0.368008] ACPI: Added _OSI(Processor Aggregator Device)
Mar 30 16:00:22 ip-172-31-16-186 kernel: [    0.372024] ACPI: Added _OSI(Linux-Dell-Video)
Mar 30 16:00:22 ip-172-31-16-186 kernel: [    0.376025] ACPI: Added _OSI(Linux-Lenovo-NV-HDMI-Audio)
Mar 30 16:00:22 ip-172-31-16-186 kernel: [    0.380009] ACPI: Added _OSI(Linux-HPI-Hybrid-Graphics)
Mar 30 16:00:22 ip-172-31-16-186 kernel: [    0.384247] xen: --> pirq=16 -> irq=9 (gsi=9)
Mar 30 16:00:22 ip-172-31-16-186 kernel: [    0.387674] ACPI: Interpreter enabled
Mar 30 16:00:22 ip-172-31-16-186 kernel: [    0.388023] ACPI: (supports S0 S4 S5)
Mar 30 16:00:22 ip-172-31-16-186 kernel: [    0.392010] ACPI: Using IOAPIC for interrupt routing
Mar 30 16:00:22 ip-172-31-16-186 kernel: [    0.396052] PCI: Using host bridge windows from ACPI; if necessary, use "pci=nocrs" and report a bug
Mar 30 16:00:22 ip-172-31-16-186 kernel: [    0.400702] ACPI: Enabled 2 GPEs in block 00 to 0F
Mar 30 16:00:22 ip-172-31-16-186 kernel: [    0.480981] ACPI: PCI Root Bridge [PCI0] (domain 0000 [bus 00-ff])
Mar 30 16:00:22 ip-172-31-16-186 kernel: [    0.484016] acpi PNP0A03:00: _OSC: OS supports [ASPM ClockPM Segments MSI]
Mar 30 16:00:22 ip-172-31-16-186 kernel: [    0.488037] acpi PNP0A03:00: _OSC failed (AE_NOT_FOUND); disabling ASPM
Mar 30 16:00:22 ip-172-31-16-186 kernel: [    0.492041] acpi PNP0A03:00: fail to add MMCONFIG information, can't access extended PCI configuration space under this bridge.
Mar 30 16:00:22 ip-172-31-16-186 kernel: [    0.497442] acpiphp: Slot [0] registered
Mar 30 16:00:22 ip-172-31-16-186 kernel: [    0.501202] acpiphp: Slot [3] registered
Mar 30 16:00:22 ip-172-31-16-186 kernel: [    0.504444] acpiphp: Slot [4] registered
Mar 30 16:00:22 ip-172-31-16-186 kernel: [    0.508051] acpiphp: Slot [5] registered
Mar 30 16:00:22 ip-172-31-16-186 kernel: [    0.511784] acpiphp: Slot [6] registered
Mar 30 16:00:22 ip-172-31-16-186 kernel: [    0.512787] acpiphp: Slot [7] registered
Mar 30 16:00:22 ip-172-31-16-186 kernel: [    0.516447] acpiphp: Slot [8] registered
Mar 30 16:00:22 ip-172-31-16-186 kernel: [    0.520134] acpiphp: Slot [9] registered
Mar 30 16:00:22 ip-172-31-16-186 kernel: [    0.523831] acpiphp: Slot [10] registered
Mar 30 16:00:22 ip-172-31-16-186 kernel: [    0.524453] acpiphp: Slot [11] registered
Mar 30 16:00:22 ip-172-31-16-186 kernel: [    0.529531] acpiphp: Slot [12] registered
Mar 30 16:00:22 ip-172-31-16-186 kernel: [    0.532550] acpiphp: Slot [13] registered
Mar 30 16:00:22 ip-172-31-16-186 kernel: [    0.536478] acpiphp: Slot [14] registered
Mar 30 16:00:22 ip-172-31-16-186 kernel: [    0.540576] acpiphp: Slot [15] registered
Mar 30 16:00:22 ip-172-31-16-186 kernel: [    0.544443] acpiphp: Slot [16] registered
Mar 30 16:00:22 ip-172-31-16-186 kernel: [    0.548589] acpiphp: Slot [17] registered
Mar 30 16:00:22 ip-172-31-16-186 kernel: [    0.552421] acpiphp: Slot [18] registered
Mar 30 16:00:22 ip-172-31-16-186 kernel: [    0.556014] acpiphp: Slot [19] registered
Mar 30 16:00:22 ip-172-31-16-186 kernel: [    0.560165] acpiphp: Slot [20] registered
Mar 30 16:00:22 ip-172-31-16-186 kernel: [    0.565567] acpiphp: Slot [21] registered
Mar 30 16:00:22 ip-172-31-16-186 kernel: [    0.568505] acpiphp: Slot [22] registered
Mar 30 16:00:22 ip-172-31-16-186 kernel: [    0.572498] acpiphp: Slot [23] registered
Mar 30 16:00:22 ip-172-31-16-186 kernel: [    0.576952] acpiphp: Slot [24] registered
Mar 30 16:00:22 ip-172-31-16-186 kernel: [    0.580507] acpiphp: Slot [25] registered
Mar 30 16:00:22 ip-172-31-16-186 kernel: [    0.584522] acpiphp: Slot [26] registered
Mar 30 16:00:22 ip-172-31-16-186 kernel: [    0.588604] acpiphp: Slot [27] registered
Mar 30 16:00:22 ip-172-31-16-186 kernel: [    0.592577] acpiphp: Slot [28] registered
Mar 30 16:00:22 ip-172-31-16-186 kernel: [    0.596563] acpiphp: Slot [29] registered
Mar 30 16:00:22 ip-172-31-16-186 kernel: [    0.601015] acpiphp: Slot [30] registered
Mar 30 16:00:22 ip-172-31-16-186 kernel: [    0.604525] acpiphp: Slot [31] registered
Mar 30 16:00:22 ip-172-31-16-186 kernel: [    0.611230] PCI host bridge to bus 0000:00
Mar 30 16:00:22 ip-172-31-16-186 kernel: [    0.612012] pci_bus 0000:00: root bus resource [io  0x0000-0x0cf7 window]
Mar 30 16:00:22 ip-172-31-16-186 kernel: [    0.616012] pci_bus 0000:00: root bus resource [io  0x0d00-0xffff window]
Mar 30 16:00:22 ip-172-31-16-186 kernel: [    0.620014] pci_bus 0000:00: root bus resource [mem 0x000a0000-0x000bffff window]
Mar 30 16:00:22 ip-172-31-16-186 kernel: [    0.624015] pci_bus 0000:00: root bus resource [mem 0xf0000000-0xfbffffff window]
Mar 30 16:00:22 ip-172-31-16-186 kernel: [    0.628012] pci_bus 0000:00: root bus resource [bus 00-ff]
Mar 30 16:00:22 ip-172-31-16-186 kernel: [    0.632198] pci 0000:00:00.0: [8086:1237] type 00 class 0x060000
Mar 30 16:00:22 ip-172-31-16-186 kernel: [    0.634793] pci 0000:00:01.0: [8086:7000] type 00 class 0x060100
Mar 30 16:00:22 ip-172-31-16-186 kernel: [    0.638150] pci 0000:00:01.1: [8086:7010] type 00 class 0x010180
Mar 30 16:00:22 ip-172-31-16-186 kernel: [    0.640011] pci 0000:00:01.1: reg 0x20: [io  0xc100-0xc10f]
Mar 30 16:00:22 ip-172-31-16-186 kernel: [    0.640703] pci 0000:00:01.1: legacy IDE quirk: reg 0x10: [io  0x01f0-0x01f7]
Mar 30 16:00:22 ip-172-31-16-186 kernel: [    0.644009] pci 0000:00:01.1: legacy IDE quirk: reg 0x14: [io  0x03f6]
Mar 30 16:00:22 ip-172-31-16-186 kernel: [    0.648013] pci 0000:00:01.1: legacy IDE quirk: reg 0x18: [io  0x0170-0x0177]
Mar 30 16:00:22 ip-172-31-16-186 kernel: [    0.652014] pci 0000:00:01.1: legacy IDE quirk: reg 0x1c: [io  0x0376]
Mar 30 16:00:22 ip-172-31-16-186 kernel: [    0.656934] pci 0000:00:01.3: [8086:7113] type 00 class 0x068000
Mar 30 16:00:22 ip-172-31-16-186 kernel: [    0.656982] * Found PM-Timer Bug on the chipset. Due to workarounds for a bug,
Mar 30 16:00:22 ip-172-31-16-186 kernel: [    0.656982] * this clock source is slow. Consider trying other clock sources
Mar 30 16:00:22 ip-172-31-16-186 kernel: [    0.665046] pci 0000:00:01.3: quirk: [io  0xb000-0xb03f] claimed by PIIX4 ACPI
Mar 30 16:00:22 ip-172-31-16-186 kernel: [    0.669390] pci 0000:00:02.0: [1013:00b8] type 00 class 0x030000
Mar 30 16:00:22 ip-172-31-16-186 kernel: [    0.672333] pci 0000:00:02.0: reg 0x10: [mem 0xf0000000-0xf1ffffff pref]
Mar 30 16:00:22 ip-172-31-16-186 kernel: [    0.672617] pci 0000:00:02.0: reg 0x14: [mem 0xf3000000-0xf3000fff]
Mar 30 16:00:22 ip-172-31-16-186 kernel: [    0.675096] pci 0000:00:03.0: [5853:0001] type 00 class 0xff8000
Mar 30 16:00:22 ip-172-31-16-186 kernel: [    0.675707] pci 0000:00:03.0: reg 0x10: [io  0xc000-0xc0ff]
Mar 30 16:00:22 ip-172-31-16-186 kernel: [    0.676000] pci 0000:00:03.0: reg 0x14: [mem 0xf2000000-0xf2ffffff pref]
Mar 30 16:00:22 ip-172-31-16-186 kernel: [    0.685988] ACPI: PCI Interrupt Link [LNKA] (IRQs *5 10 11)
Mar 30 16:00:22 ip-172-31-16-186 kernel: [    0.688327] ACPI: PCI Interrupt Link [LNKB] (IRQs 5 *10 11)
Mar 30 16:00:22 ip-172-31-16-186 kernel: [    0.692307] ACPI: PCI Interrupt Link [LNKC] (IRQs 5 10 *11)
Mar 30 16:00:22 ip-172-31-16-186 kernel: [    0.696292] ACPI: PCI Interrupt Link [LNKD] (IRQs *5 10 11)
Mar 30 16:00:22 ip-172-31-16-186 kernel: [    0.727914] xen:balloon: Initialising balloon driver
Mar 30 16:00:22 ip-172-31-16-186 kernel: [    0.732147] SCSI subsystem initialized
Mar 30 16:00:22 ip-172-31-16-186 kernel: [    0.736064] libata version 3.00 loaded.
Mar 30 16:00:22 ip-172-31-16-186 kernel: [    0.736164] pci 0000:00:02.0: vgaarb: setting as boot VGA device
Mar 30 16:00:22 ip-172-31-16-186 kernel: [    0.740000] pci 0000:00:02.0: vgaarb: VGA device added: decodes=io+mem,owns=io+mem,locks=none
Mar 30 16:00:22 ip-172-31-16-186 kernel: [    0.740011] pci 0000:00:02.0: vgaarb: bridge control possible
Mar 30 16:00:22 ip-172-31-16-186 kernel: [    0.744012] vgaarb: loaded
Mar 30 16:00:22 ip-172-31-16-186 kernel: [    0.747277] ACPI: bus type USB registered
Mar 30 16:00:22 ip-172-31-16-186 kernel: [    0.748038] usbcore: registered new interface driver usbfs
Mar 30 16:00:22 ip-172-31-16-186 kernel: [    0.752030] usbcore: registered new interface driver hub
Mar 30 16:00:22 ip-172-31-16-186 kernel: [    0.756009] random: fast init done
Mar 30 16:00:22 ip-172-31-16-186 kernel: [    0.759862] usbcore: registered new device driver usb
Mar 30 16:00:22 ip-172-31-16-186 kernel: [    0.760107] EDAC MC: Ver: 3.0.0
Mar 30 16:00:22 ip-172-31-16-186 kernel: [    0.764738] PCI: Using ACPI for IRQ routing
Mar 30 16:00:22 ip-172-31-16-186 kernel: [    0.768008] PCI: pci_cache_line_size set to 64 bytes
Mar 30 16:00:22 ip-172-31-16-186 kernel: [    0.768719] e820: reserve RAM buffer [mem 0x0009e000-0x0009ffff]
Mar 30 16:00:22 ip-172-31-16-186 kernel: [    0.768832] NetLabel: Initializing
Mar 30 16:00:22 ip-172-31-16-186 kernel: [    0.772007] NetLabel:  domain hash size = 128
Mar 30 16:00:22 ip-172-31-16-186 kernel: [    0.776006] NetLabel:  protocols = UNLABELED CIPSOv4 CALIPSO
Mar 30 16:00:22 ip-172-31-16-186 kernel: [    0.780022] NetLabel:  unlabeled traffic allowed by default
Mar 30 16:00:22 ip-172-31-16-186 kernel: [    0.784135] HPET: 3 timers in total, 0 timers will be used for per-cpu timer
Mar 30 16:00:22 ip-172-31-16-186 systemd[1]: Mounted Kernel Debug File System.
Mar 30 16:00:22 ip-172-31-16-186 systemd[1]: Started Uncomplicated firewall.
Mar 30 16:00:22 ip-172-31-16-186 systemd[1]: Mounted POSIX Message Queue File System.
Mar 30 16:00:22 ip-172-31-16-186 systemd[1]: Started Create list of required static device nodes for the current kernel.
Mar 30 16:00:22 ip-172-31-16-186 systemd[1]: Mounted Huge Pages File System.
Mar 30 16:00:22 ip-172-31-16-186 systemd[1]: Started LVM2 metadata daemon.
Mar 30 16:00:22 ip-172-31-16-186 systemd-modules-load[386]: Inserted module 'iscsi_tcp'
Mar 30 16:00:22 ip-172-31-16-186 systemd[1]: Starting Create Static Device Nodes in /dev...
Mar 30 16:00:22 ip-172-31-16-186 systemd[1]: Started Remount Root and Kernel File Systems.
Mar 30 16:00:22 ip-172-31-16-186 systemd[1]: Starting Flush Journal to Persistent Storage...
Mar 30 16:00:22 ip-172-31-16-186 systemd[1]: Starting Initial cloud-init job (pre-networking)...
Mar 30 16:00:22 ip-172-31-16-186 systemd[1]: Starting Load/Save Random Seed...
Mar 30 16:00:22 ip-172-31-16-186 systemd[1]: Started Monitoring of LVM2 mirrors, snapshots etc. using dmeventd or progress polling.
Mar 30 16:00:22 ip-172-31-16-186 systemd[1]: Started udev Coldplug all Devices.
Mar 30 16:00:22 ip-172-31-16-186 systemd[1]: Started Load/Save Random Seed.
Mar 30 16:00:22 ip-172-31-16-186 systemd[1]: Started Set the console keyboard layout.
Mar 30 16:00:22 ip-172-31-16-186 systemd-modules-load[386]: Inserted module 'ib_iser'
Mar 30 16:00:22 ip-172-31-16-186 systemd[1]: Started Load Kernel Modules.
Mar 30 16:00:22 ip-172-31-16-186 systemd[1]: Mounting FUSE Control File System...
Mar 30 16:00:22 ip-172-31-16-186 systemd[1]: Mounting Kernel Configuration File System...
Mar 30 16:00:22 ip-172-31-16-186 systemd[1]: Starting Apply Kernel Variables...
Mar 30 16:00:22 ip-172-31-16-186 systemd[1]: Started Create Static Device Nodes in /dev.
Mar 30 16:00:22 ip-172-31-16-186 systemd[1]: Mounted FUSE Control File System.
Mar 30 16:00:22 ip-172-31-16-186 systemd[1]: Mounted Kernel Configuration File System.
Mar 30 16:00:22 ip-172-31-16-186 systemd[1]: Reached target Local File Systems (Pre).
Mar 30 16:00:22 ip-172-31-16-186 systemd[1]: Reached target Local File Systems.
Mar 30 16:00:22 ip-172-31-16-186 systemd[1]: Starting AppArmor initialization...
Mar 30 16:00:22 ip-172-31-16-186 systemd[1]: Starting Commit a transient machine-id on disk...
Mar 30 16:00:22 ip-172-31-16-186 systemd[1]: Starting ebtables ruleset management...
Mar 30 16:00:22 ip-172-31-16-186 systemd[1]: Starting Tell Plymouth To Write Out Runtime Data...
Mar 30 16:00:22 ip-172-31-16-186 systemd[1]: Starting Set console font and keymap...
Mar 30 16:00:22 ip-172-31-16-186 systemd[1]: Starting udev Kernel Device Manager...
Mar 30 16:00:22 ip-172-31-16-186 systemd[1]: Started Flush Journal to Persistent Storage.
Mar 30 16:00:22 ip-172-31-16-186 systemd[1]: Started Tell Plymouth To Write Out Runtime Data.
Mar 30 16:00:22 ip-172-31-16-186 systemd[1]: Started Apply Kernel Variables.
Mar 30 16:00:22 ip-172-31-16-186 systemd[1]: Started Commit a transient machine-id on disk.
Mar 30 16:00:22 ip-172-31-16-186 systemd[1]: Started Set console font and keymap.
Mar 30 16:00:22 ip-172-31-16-186 systemd[1]: Starting Create Volatile Files and Directories...
Mar 30 16:00:22 ip-172-31-16-186 systemd[1]: Started udev Kernel Device Manager.
Mar 30 16:00:22 ip-172-31-16-186 systemd[1]: Started Dispatch Password Requests to Console Directory Watch.
Mar 30 16:00:22 ip-172-31-16-186 systemd[1]: Reached target Local Encrypted Volumes.
Mar 30 16:00:22 ip-172-31-16-186 systemd[1]: Started Create Volatile Files and Directories.
Mar 30 16:00:22 ip-172-31-16-186 systemd[1]: Starting Network Time Synchronization...
Mar 30 16:00:22 ip-172-31-16-186 apparmor[414]:  * Starting AppArmor profiles
Mar 30 16:00:22 ip-172-31-16-186 systemd[1]: Starting Update UTMP about System Boot/Shutdown...
Mar 30 16:00:22 ip-172-31-16-186 systemd[1]: Started ebtables ruleset management.
Mar 30 16:00:22 ip-172-31-16-186 systemd[1]: Started Update UTMP about System Boot/Shutdown.
Mar 30 16:00:22 ip-172-31-16-186 systemd[1]: Started Network Time Synchronization.
Mar 30 16:00:22 ip-172-31-16-186 systemd[1]: Reached target System Time Synchronized.
Mar 30 16:00:22 ip-172-31-16-186 systemd[1]: Found device /dev/ttyS0.
Mar 30 16:00:22 ip-172-31-16-186 systemd-udevd[428]: link_config: autonegotiation is unset or enabled, the speed and duplex are not writable.
Mar 30 16:00:22 ip-172-31-16-186 systemd-udevd[433]: link_config: autonegotiation is unset or enabled, the speed and duplex are not writable.
Mar 30 16:00:22 ip-172-31-16-186 systemd[1]: Listening on Load/Save RF Kill Switch Status /dev/rfkill Watch.
Mar 30 16:00:22 ip-172-31-16-186 dhclient[515]: Internet Systems Consortium DHCP Client 4.3.5
Mar 30 16:00:22 ip-172-31-16-186 dhclient[515]: Copyright 2004-2016 Internet Systems Consortium.
Mar 30 16:00:22 ip-172-31-16-186 dhclient[515]: All rights reserved.
Mar 30 16:00:22 ip-172-31-16-186 dhclient[515]: For info, please visit https://www.isc.org/software/dhcp/
Mar 30 16:00:22 ip-172-31-16-186 dhclient[515]: 
Mar 30 16:00:22 ip-172-31-16-186 dhclient[515]: Listening on LPF/eth0/06:af:5d:29:6c:d4
Mar 30 16:00:22 ip-172-31-16-186 dhclient[515]: Sending on   LPF/eth0/06:af:5d:29:6c:d4
Mar 30 16:00:22 ip-172-31-16-186 dhclient[515]: Sending on   Socket/fallback
Mar 30 16:00:22 ip-172-31-16-186 dhclient[515]: DHCPDISCOVER on eth0 to 255.255.255.255 port 67 interval 3 (xid=0x1e72d04f)
Mar 30 16:00:22 ip-172-31-16-186 dhclient[515]: DHCPREQUEST of 172.31.16.186 on eth0 to 255.255.255.255 port 67 (xid=0x4fd0721e)
Mar 30 16:00:22 ip-172-31-16-186 dhclient[515]: DHCPOFFER of 172.31.16.186 from 172.31.16.1
Mar 30 16:00:22 ip-172-31-16-186 dhclient[515]: DHCPACK of 172.31.16.186 from 172.31.16.1
Mar 30 16:00:22 ip-172-31-16-186 dhclient[515]: bound to 172.31.16.186 -- renewal in 1416 seconds.
Mar 30 16:00:22 ip-172-31-16-186 apparmor[414]: Skipping profile in /etc/apparmor.d/disable: usr.sbin.rsyslogd
Mar 30 16:00:22 ip-172-31-16-186 apparmor[414]:    ...done.
Mar 30 16:00:22 ip-172-31-16-186 systemd[1]: Started AppArmor initialization.
Mar 30 16:00:22 ip-172-31-16-186 cloud-init[405]: Cloud-init v. 18.4-0ubuntu1~18.04.1 running 'init-local' at Sat, 30 Mar 2019 16:00:19 +0000. Up 7.37 seconds.
Mar 30 16:00:22 ip-172-31-16-186 systemd[1]: Started Initial cloud-init job (pre-networking).
Mar 30 16:00:22 ip-172-31-16-186 systemd[1]: Reached target Network (Pre).
Mar 30 16:00:22 ip-172-31-16-186 systemd[1]: Starting Network Service...
Mar 30 16:00:22 ip-172-31-16-186 systemd-networkd[554]: Enumeration completed
Mar 30 16:00:22 ip-172-31-16-186 systemd[1]: Started Network Service.
Mar 30 16:00:22 ip-172-31-16-186 systemd-networkd[554]: eth0: Gained carrier
Mar 30 16:00:22 ip-172-31-16-186 systemd-timesyncd[442]: Network configuration changed, trying to establish connection.
Mar 30 16:00:22 ip-172-31-16-186 systemd[1]: Starting Network Name Resolution...
Mar 30 16:00:22 ip-172-31-16-186 systemd-networkd[554]: eth0: Lost carrier
Mar 30 16:00:22 ip-172-31-16-186 systemd-networkd[554]: lo: Link is not managed by us
Mar 30 16:00:22 ip-172-31-16-186 systemd-networkd[554]: eth0: IPv6 successfully enabled
Mar 30 16:00:22 ip-172-31-16-186 systemd[1]: Starting Wait for Network to be Configured...
Mar 30 16:00:22 ip-172-31-16-186 systemd-networkd[554]: eth0: Gained carrier
Mar 30 16:00:22 ip-172-31-16-186 systemd-networkd[554]: eth0: DHCPv4 address 172.31.16.186/20 via 172.31.16.1
Mar 30 16:00:22 ip-172-31-16-186 systemd-networkd[554]: Not connected to system bus, not setting hostname.
Mar 30 16:00:22 ip-172-31-16-186 systemd-timesyncd[442]: Network configuration changed, trying to establish connection.
Mar 30 16:00:22 ip-172-31-16-186 systemd-networkd-wait-online[566]: ignoring: lo
Mar 30 16:00:22 ip-172-31-16-186 systemd-resolved[565]: Positive Trust Anchors:
Mar 30 16:00:22 ip-172-31-16-186 systemd-resolved[565]: . IN DS 19036 8 2 49aac11d7b6f6446702e54a1607371607a1a41855200fd2ce1cdde32f24e8fb5
Mar 30 16:00:22 ip-172-31-16-186 systemd-resolved[565]: . IN DS 20326 8 2 e06d44b80b8f1d39a95c0b0d7c65d08458e880409bbc683457104237c7f8ec8d
Mar 30 16:00:22 ip-172-31-16-186 systemd-resolved[565]: Negative trust anchors: 10.in-addr.arpa 16.172.in-addr.arpa 17.172.in-addr.arpa 18.172.in-addr.arpa 19.172.in-addr.arpa 20.172.in-addr.arpa 21.172.in-addr.arpa 22.172.in-addr.arpa 23.172.in-addr.arpa 24.172.in-addr.arpa 25.172.in-addr.arpa 26.172.in-addr.arpa 27.172.in-addr.arpa 28.172.in-addr.arpa 29.172.in-addr.arpa 30.172.in-addr.arpa 31.172.in-addr.arpa 168.192.in-addr.arpa d.f.ip6.arpa corp home internal intranet lan local private test
Mar 30 16:00:22 ip-172-31-16-186 systemd-resolved[565]: Using system hostname 'ip-172-31-16-186'.
Mar 30 16:00:22 ip-172-31-16-186 systemd[1]: Started Network Name Resolution.
Mar 30 16:00:22 ip-172-31-16-186 systemd[1]: Reached target Host and Network Name Lookups.
Mar 30 16:00:22 ip-172-31-16-186 systemd[1]: Reached target Network.
Mar 30 16:00:22 ip-172-31-16-186 systemd-networkd[554]: eth0: Gained IPv6LL
Mar 30 16:00:22 ip-172-31-16-186 systemd-networkd[554]: eth0: Configured
Mar 30 16:00:22 ip-172-31-16-186 systemd-timesyncd[442]: Network configuration changed, trying to establish connection.
Mar 30 16:00:22 ip-172-31-16-186 systemd-networkd-wait-online[566]: ignoring: lo
Mar 30 16:00:22 ip-172-31-16-186 systemd-networkd-wait-online[566]: managing: eth0
Mar 30 16:00:22 ip-172-31-16-186 systemd[1]: Started Wait for Network to be Configured.
Mar 30 16:00:22 ip-172-31-16-186 systemd[1]: Starting Initial cloud-init job (metadata service crawler)...
Mar 30 16:00:22 ip-172-31-16-186 cloud-init[576]: Cloud-init v. 18.4-0ubuntu1~18.04.1 running 'init' at Sat, 30 Mar 2019 16:00:21 +0000. Up 9.96 seconds.
Mar 30 16:00:22 ip-172-31-16-186 cloud-init[576]: ci-info: ++++++++++++++++++++++++++++++++++++++Net device info+++++++++++++++++++++++++++++++++++++++
Mar 30 16:00:22 ip-172-31-16-186 cloud-init[576]: ci-info: +--------+------+-----------------------------+---------------+--------+-------------------+
Mar 30 16:00:22 ip-172-31-16-186 cloud-init[576]: ci-info: | Device |  Up  |           Address           |      Mask     | Scope  |     Hw-Address    |
Mar 30 16:00:22 ip-172-31-16-186 cloud-init[576]: ci-info: +--------+------+-----------------------------+---------------+--------+-------------------+
Mar 30 16:00:22 ip-172-31-16-186 cloud-init[576]: ci-info: |  eth0  | True |        172.31.16.186        | 255.255.240.0 | global | 06:af:5d:29:6c:d4 |
Mar 30 16:00:22 ip-172-31-16-186 cloud-init[576]: ci-info: |  eth0  | True | fe80::4af:5dff:fe29:6cd4/64 |       .       |  link  | 06:af:5d:29:6c:d4 |
Mar 30 16:00:22 ip-172-31-16-186 cloud-init[576]: ci-info: |   lo   | True |          127.0.0.1          |   255.0.0.0   |  host  |         .         |
Mar 30 16:00:22 ip-172-31-16-186 cloud-init[576]: ci-info: |   lo   | True |           ::1/128           |       .       |  host  |         .         |
Mar 30 16:00:22 ip-172-31-16-186 cloud-init[576]: ci-info: +--------+------+-----------------------------+---------------+--------+-------------------+
Mar 30 16:00:22 ip-172-31-16-186 cloud-init[576]: ci-info: ++++++++++++++++++++++++++++++Route IPv4 info++++++++++++++++++++++++++++++
Mar 30 16:00:22 ip-172-31-16-186 cloud-init[576]: ci-info: +-------+-------------+-------------+-----------------+-----------+-------+
Mar 30 16:00:22 ip-172-31-16-186 cloud-init[576]: ci-info: | Route | Destination |   Gateway   |     Genmask     | Interface | Flags |
Mar 30 16:00:22 ip-172-31-16-186 cloud-init[576]: ci-info: +-------+-------------+-------------+-----------------+-----------+-------+
Mar 30 16:00:22 ip-172-31-16-186 cloud-init[576]: ci-info: |   0   |   0.0.0.0   | 172.31.16.1 |     0.0.0.0     |    eth0   |   UG  |
Mar 30 16:00:22 ip-172-31-16-186 cloud-init[576]: ci-info: |   1   | 172.31.16.0 |   0.0.0.0   |  255.255.240.0  |    eth0   |   U   |
Mar 30 16:00:22 ip-172-31-16-186 cloud-init[576]: ci-info: |   2   | 172.31.16.1 |   0.0.0.0   | 255.255.255.255 |    eth0   |   UH  |
Mar 30 16:00:22 ip-172-31-16-186 cloud-init[576]: ci-info: +-------+-------------+-------------+-----------------+-----------+-------+
Mar 30 16:00:22 ip-172-31-16-186 cloud-init[576]: ci-info: +++++++++++++++++++Route IPv6 info+++++++++++++++++++
Mar 30 16:00:22 ip-172-31-16-186 cloud-init[576]: ci-info: +-------+-------------+---------+-----------+-------+
Mar 30 16:00:22 ip-172-31-16-186 cloud-init[576]: ci-info: | Route | Destination | Gateway | Interface | Flags |
Mar 30 16:00:22 ip-172-31-16-186 cloud-init[576]: ci-info: +-------+-------------+---------+-----------+-------+
Mar 30 16:00:22 ip-172-31-16-186 cloud-init[576]: ci-info: |   1   |  fe80::/64  |    ::   |    eth0   |   U   |
Mar 30 16:00:22 ip-172-31-16-186 cloud-init[576]: ci-info: |   3   |    local    |    ::   |    eth0   |   U   |
Mar 30 16:00:22 ip-172-31-16-186 cloud-init[576]: ci-info: |   4   |   ff00::/8  |    ::   |    eth0   |   U   |
Mar 30 16:00:22 ip-172-31-16-186 cloud-init[576]: ci-info: +-------+-------------+---------+-----------+-------+
Mar 30 16:00:22 ip-172-31-16-186 cloud-init[576]: Generating public/private rsa key pair.
Mar 30 16:00:22 ip-172-31-16-186 cloud-init[576]: Your identification has been saved in /etc/ssh/ssh_host_rsa_key.
Mar 30 16:00:22 ip-172-31-16-186 cloud-init[576]: Your public key has been saved in /etc/ssh/ssh_host_rsa_key.pub.
Mar 30 16:00:22 ip-172-31-16-186 cloud-init[576]: The key fingerprint is:
Mar 30 16:00:22 ip-172-31-16-186 cloud-init[576]: SHA256:zPPTVd5LM1wtv5y0+Cu/aS5gPdmD2NyxJeLWmQwy6zE root@ip-172-31-16-186
Mar 30 16:00:22 ip-172-31-16-186 cloud-init[576]: The key's randomart image is:
Mar 30 16:00:22 ip-172-31-16-186 cloud-init[576]: +---[RSA 2048]----+
Mar 30 16:00:22 ip-172-31-16-186 cloud-init[576]: |                 |
Mar 30 16:00:22 ip-172-31-16-186 cloud-init[576]: |                .|
Mar 30 16:00:22 ip-172-31-16-186 cloud-init[576]: |              . +|
Mar 30 16:00:22 ip-172-31-16-186 cloud-init[576]: |       o  o o o*+|
Mar 30 16:00:22 ip-172-31-16-186 cloud-init[576]: |        S  ===*XB|
Mar 30 16:00:22 ip-172-31-16-186 cloud-init[576]: |         oE=oOX=B|
Mar 30 16:00:22 ip-172-31-16-186 cloud-init[576]: |         .++o..*.|
Mar 30 16:00:22 ip-172-31-16-186 cloud-init[576]: |          .. o...|
Mar 30 16:00:22 ip-172-31-16-186 cloud-init[576]: |              *Bo|
Mar 30 16:00:22 ip-172-31-16-186 cloud-init[576]: +----[SHA256]-----+
Mar 30 16:00:22 ip-172-31-16-186 cloud-init[576]: Generating public/private dsa key pair.
Mar 30 16:00:22 ip-172-31-16-186 cloud-init[576]: Your identification has been saved in /etc/ssh/ssh_host_dsa_key.
Mar 30 16:00:22 ip-172-31-16-186 cloud-init[576]: Your public key has been saved in /etc/ssh/ssh_host_dsa_key.pub.
Mar 30 16:00:22 ip-172-31-16-186 cloud-init[576]: The key fingerprint is:
Mar 30 16:00:22 ip-172-31-16-186 cloud-init[576]: SHA256:WO9KChseH7PkQuQRUrqcgN7fCmcQe47qGCoNLgW/tWc root@ip-172-31-16-186
Mar 30 16:00:22 ip-172-31-16-186 cloud-init[576]: The key's randomart image is:
Mar 30 16:00:22 ip-172-31-16-186 cloud-init[576]: +---[DSA 1024]----+
Mar 30 16:00:22 ip-172-31-16-186 cloud-init[576]: |   ..            |
Mar 30 16:00:22 ip-172-31-16-186 cloud-init[576]: |. ...            |
Mar 30 16:00:22 ip-172-31-16-186 cloud-init[576]: |o .o .  .        |
Mar 30 16:00:22 ip-172-31-16-186 cloud-init[576]: |oo.o=  o .       |
Mar 30 16:00:22 ip-172-31-16-186 cloud-init[576]: | ++* o. S .      |
Mar 30 16:00:22 ip-172-31-16-186 cloud-init[576]: |. o X .  .       |
Mar 30 16:00:22 ip-172-31-16-186 cloud-init[576]: |o+ *+*+.. .      |
Mar 30 16:00:22 ip-172-31-16-186 cloud-init[576]: |=o+.*OE* .       |
Mar 30 16:00:22 ip-172-31-16-186 cloud-init[576]: |*o  o== .        |
Mar 30 16:00:22 ip-172-31-16-186 cloud-init[576]: +----[SHA256]-----+
Mar 30 16:00:22 ip-172-31-16-186 cloud-init[576]: Generating public/private ecdsa key pair.
Mar 30 16:00:22 ip-172-31-16-186 cloud-init[576]: Your identification has been saved in /etc/ssh/ssh_host_ecdsa_key.
Mar 30 16:00:22 ip-172-31-16-186 cloud-init[576]: Your public key has been saved in /etc/ssh/ssh_host_ecdsa_key.pub.
Mar 30 16:00:22 ip-172-31-16-186 cloud-init[576]: The key fingerprint is:
Mar 30 16:00:22 ip-172-31-16-186 cloud-init[576]: SHA256:RGW7ncZIjQr32gfTD55EEkGNapBeOciX7K2sz8vklNs root@ip-172-31-16-186
Mar 30 16:00:22 ip-172-31-16-186 cloud-init[576]: The key's randomart image is:
Mar 30 16:00:22 ip-172-31-16-186 cloud-init[576]: +---[ECDSA 256]---+
Mar 30 16:00:22 ip-172-31-16-186 cloud-init[576]: |     . +.=*+     |
Mar 30 16:00:22 ip-172-31-16-186 cloud-init[576]: |      =.B..=.    |
Mar 30 16:00:22 ip-172-31-16-186 cloud-init[576]: |     ..=o+= o    |
Mar 30 16:00:22 ip-172-31-16-186 cloud-init[576]: |      .+++.O .   |
Mar 30 16:00:22 ip-172-31-16-186 kernel: [    0.788033] hpet0: at MMIO 0xfed00000, IRQs 2, 8, 0
Mar 30 16:00:22 ip-172-31-16-186 kernel: [    0.792011] hpet0: 3 comparators, 64-bit 62.500000 MHz counter
Mar 30 16:00:22 ip-172-31-16-186 kernel: [    0.799102] clocksource: Switched to clocksource xen
Mar 30 16:00:22 ip-172-31-16-186 kernel: [    0.815401] VFS: Disk quotas dquot_6.6.0
Mar 30 16:00:22 ip-172-31-16-186 kernel: [    0.820972] VFS: Dquot-cache hash table entries: 512 (order 0, 4096 bytes)
Mar 30 16:00:22 ip-172-31-16-186 kernel: [    0.828320] AppArmor: AppArmor Filesystem Enabled
Mar 30 16:00:22 ip-172-31-16-186 kernel: [    0.833438] pnp: PnP ACPI init
Mar 30 16:00:22 ip-172-31-16-186 kernel: [    0.837102] system 00:00: [mem 0x00000000-0x0009ffff] could not be reserved
Mar 30 16:00:22 ip-172-31-16-186 kernel: [    0.849090] system 00:00: Plug and Play ACPI device, IDs PNP0c02 (active)
Mar 30 16:00:22 ip-172-31-16-186 kernel: [    0.849199] system 00:01: [io  0x08a0-0x08a3] has been reserved
Mar 30 16:00:22 ip-172-31-16-186 kernel: [    0.854502] system 00:01: [io  0x0cc0-0x0ccf] has been reserved
Mar 30 16:00:22 ip-172-31-16-186 kernel: [    0.860792] system 00:01: [io  0x04d0-0x04d1] has been reserved
Mar 30 16:00:22 ip-172-31-16-186 kernel: [    0.866464] system 00:01: Plug and Play ACPI device, IDs PNP0c02 (active)
Mar 30 16:00:22 ip-172-31-16-186 kernel: [    0.866502] xen: --> pirq=17 -> irq=8 (gsi=8)
Mar 30 16:00:22 ip-172-31-16-186 kernel: [    0.866532] pnp 00:02: Plug and Play ACPI device, IDs PNP0b00 (active)
Mar 30 16:00:22 ip-172-31-16-186 kernel: [    0.866561] xen: --> pirq=18 -> irq=12 (gsi=12)
Mar 30 16:00:22 ip-172-31-16-186 kernel: [    0.866575] pnp 00:03: Plug and Play ACPI device, IDs PNP0f13 (active)
Mar 30 16:00:22 ip-172-31-16-186 kernel: [    0.866594] xen: --> pirq=19 -> irq=1 (gsi=1)
Mar 30 16:00:22 ip-172-31-16-186 kernel: [    0.866608] pnp 00:04: Plug and Play ACPI device, IDs PNP0303 PNP030b (active)
Mar 30 16:00:22 ip-172-31-16-186 kernel: [    0.866626] xen: --> pirq=20 -> irq=6 (gsi=6)
Mar 30 16:00:22 ip-172-31-16-186 kernel: [    0.866628] pnp 00:05: [dma 2]
Mar 30 16:00:22 ip-172-31-16-186 kernel: [    0.866641] pnp 00:05: Plug and Play ACPI device, IDs PNP0700 (active)
Mar 30 16:00:22 ip-172-31-16-186 kernel: [    0.866677] xen: --> pirq=21 -> irq=4 (gsi=4)
Mar 30 16:00:22 ip-172-31-16-186 kernel: [    0.866688] pnp 00:06: Plug and Play ACPI device, IDs PNP0501 (active)
Mar 30 16:00:22 ip-172-31-16-186 kernel: [    0.866731] system 00:07: [io  0x10c0-0x1141] has been reserved
Mar 30 16:00:22 ip-172-31-16-186 kernel: [    0.872118] system 00:07: [io  0xb044-0xb047] has been reserved
Mar 30 16:00:22 ip-172-31-16-186 kernel: [    0.877366] system 00:07: Plug and Play ACPI device, IDs PNP0c02 (active)
Mar 30 16:00:22 ip-172-31-16-186 kernel: [    0.910204] pnp: PnP ACPI: found 8 devices
Mar 30 16:00:22 ip-172-31-16-186 kernel: [    0.920377] clocksource: acpi_pm: mask: 0xffffff max_cycles: 0xffffff, max_idle_ns: 2085701024 ns
Mar 30 16:00:22 ip-172-31-16-186 kernel: [    0.930469] pci_bus 0000:00: resource 4 [io  0x0000-0x0cf7 window]
Mar 30 16:00:22 ip-172-31-16-186 kernel: [    0.930471] pci_bus 0000:00: resource 5 [io  0x0d00-0xffff window]
Mar 30 16:00:22 ip-172-31-16-186 kernel: [    0.930472] pci_bus 0000:00: resource 6 [mem 0x000a0000-0x000bffff window]
Mar 30 16:00:22 ip-172-31-16-186 kernel: [    0.930474] pci_bus 0000:00: resource 7 [mem 0xf0000000-0xfbffffff window]
Mar 30 16:00:22 ip-172-31-16-186 kernel: [    0.930660] NET: Registered protocol family 2
Mar 30 16:00:22 ip-172-31-16-186 kernel: [    0.937294] TCP established hash table entries: 8192 (order: 4, 65536 bytes)
Mar 30 16:00:22 ip-172-31-16-186 kernel: [    0.943422] TCP bind hash table entries: 8192 (order: 5, 131072 bytes)
Mar 30 16:00:22 ip-172-31-16-186 kernel: [    0.957903] TCP: Hash tables configured (established 8192 bind 8192)
Mar 30 16:00:22 ip-172-31-16-186 kernel: [    0.963795] UDP hash table entries: 512 (order: 2, 16384 bytes)
Mar 30 16:00:22 ip-172-31-16-186 kernel: [    0.970102] UDP-Lite hash table entries: 512 (order: 2, 16384 bytes)
Mar 30 16:00:22 ip-172-31-16-186 kernel: [    0.980861] NET: Registered protocol family 1
Mar 30 16:00:22 ip-172-31-16-186 kernel: [    0.985085] pci 0000:00:00.0: Limiting direct PCI/PCI transfers
Mar 30 16:00:22 ip-172-31-16-186 kernel: [    0.990656] pci 0000:00:01.0: PIIX3: Enabling Passive Release
Mar 30 16:00:22 ip-172-31-16-186 kernel: [    0.996136] pci 0000:00:01.0: Activating ISA DMA hang workarounds
Mar 30 16:00:22 ip-172-31-16-186 kernel: [    1.002008] pci 0000:00:02.0: Video device with shadowed ROM at [mem 0x000c0000-0x000dffff]
Mar 30 16:00:22 ip-172-31-16-186 kernel: [    1.009933] PCI: CLS 0 bytes, default 64
Mar 30 16:00:22 ip-172-31-16-186 kernel: [    1.009981] Unpacking initramfs...
Mar 30 16:00:22 ip-172-31-16-186 kernel: [    1.299082] Freeing initrd memory: 19492K
Mar 30 16:00:22 ip-172-31-16-186 kernel: [    1.304276] Scanning for low memory corruption every 60 seconds
Mar 30 16:00:22 ip-172-31-16-186 kernel: [    1.310894] Initialise system trusted keyrings
Mar 30 16:00:22 ip-172-31-16-186 kernel: [    1.316431] Key type blacklist registered
Mar 30 16:00:22 ip-172-31-16-186 kernel: [    1.321659] workingset: timestamp_bits=36 max_order=18 bucket_order=0
Mar 30 16:00:22 ip-172-31-16-186 kernel: [    1.330585] zbud: loaded
Mar 30 16:00:22 ip-172-31-16-186 kernel: [    1.334779] squashfs: version 4.0 (2009/01/31) Phillip Lougher
Mar 30 16:00:22 ip-172-31-16-186 kernel: [    1.341447] fuse init (API version 7.26)
Mar 30 16:00:22 ip-172-31-16-186 kernel: [    1.347141] Key type asymmetric registered
Mar 30 16:00:22 ip-172-31-16-186 kernel: [    1.353931] Asymmetric key parser 'x509' registered
Mar 30 16:00:22 ip-172-31-16-186 kernel: [    1.360721] Block layer SCSI generic (bsg) driver version 0.4 loaded (major 247)
Mar 30 16:00:22 ip-172-31-16-186 kernel: [    1.370143] io scheduler noop registered
Mar 30 16:00:22 ip-172-31-16-186 kernel: [    1.375408] io scheduler deadline registered
Mar 30 16:00:22 ip-172-31-16-186 kernel: [    1.380868] io scheduler cfq registered (default)
Mar 30 16:00:22 ip-172-31-16-186 kernel: [    1.387226] intel_idle: Please enable MWAIT in BIOS SETUP
Mar 30 16:00:22 ip-172-31-16-186 kernel: [    1.387301] input: Power Button as /devices/LNXSYSTM:00/LNXPWRBN:00/input/input0
Mar 30 16:00:22 ip-172-31-16-186 kernel: [    1.396309] ACPI: Power Button [PWRF]
Mar 30 16:00:22 ip-172-31-16-186 kernel: [    1.401162] input: Sleep Button as /devices/LNXSYSTM:00/LNXSLPBN:00/input/input1
Mar 30 16:00:22 ip-172-31-16-186 kernel: [    1.409736] ACPI: Sleep Button [SLPF]
Mar 30 16:00:22 ip-172-31-16-186 kernel: [    1.414943] xen: --> pirq=22 -> irq=28 (gsi=28)
Mar 30 16:00:22 ip-172-31-16-186 kernel: [    1.415095] xen:grant_table: Grant tables using version 1 layout
Mar 30 16:00:22 ip-172-31-16-186 kernel: [    1.422137] Grant table initialized
Mar 30 16:00:22 ip-172-31-16-186 kernel: [    1.428117] Cannot get hvm parameter CONSOLE_EVTCHN (18): -22!
Mar 30 16:00:22 ip-172-31-16-186 kernel: [    1.435059] Serial: 8250/16550 driver, 4 ports, IRQ sharing enabled
Mar 30 16:00:22 ip-172-31-16-186 kernel: [    1.477210] 00:06: ttyS0 at I/O 0x3f8 (irq = 4, base_baud = 115200) is a 16550A
Mar 30 16:00:22 ip-172-31-16-186 kernel: [    1.486821] Linux agpgart interface v0.103
Mar 30 16:00:22 ip-172-31-16-186 kernel: [    1.493707] loop: module loaded
Mar 30 16:00:22 ip-172-31-16-186 kernel: [    1.497967] Invalid max_queues (4), will use default max: 1.
Mar 30 16:00:22 ip-172-31-16-186 kernel: [    1.505992] ata_piix 0000:00:01.1: version 2.13
Mar 30 16:00:22 ip-172-31-16-186 kernel: [    1.512125] scsi host0: ata_piix
Mar 30 16:00:22 ip-172-31-16-186 kernel: [    1.520476] scsi host1: ata_piix
Mar 30 16:00:22 ip-172-31-16-186 kernel: [    1.525197] ata1: PATA max MWDMA2 cmd 0x1f0 ctl 0x3f6 bmdma 0xc100 irq 14
Mar 30 16:00:22 ip-172-31-16-186 kernel: [    1.533529] ata2: PATA max MWDMA2 cmd 0x170 ctl 0x376 bmdma 0xc108 irq 15
Mar 30 16:00:22 ip-172-31-16-186 kernel: [    1.544834] libphy: Fixed MDIO Bus: probed
Mar 30 16:00:22 ip-172-31-16-186 kernel: [    1.550210] tun: Universal TUN/TAP device driver, 1.6
Mar 30 16:00:22 ip-172-31-16-186 kernel: [    1.556380] PPP generic driver version 2.4.2
Mar 30 16:00:22 ip-172-31-16-186 kernel: [    1.566450] xen_netfront: Initialising Xen virtual ethernet driver
Mar 30 16:00:22 ip-172-31-16-186 kernel: [    1.575229] ehci_hcd: USB 2.0 'Enhanced' Host Controller (EHCI) Driver
Mar 30 16:00:22 ip-172-31-16-186 kernel: [    1.583391] ehci-pci: EHCI PCI platform driver
Mar 30 16:00:22 ip-172-31-16-186 kernel: [    1.588980] ehci-platform: EHCI generic platform driver
Mar 30 16:00:22 ip-172-31-16-186 kernel: [    1.608350] ohci_hcd: USB 1.1 'Open' Host Controller (OHCI) Driver
Mar 30 16:00:22 ip-172-31-16-186 kernel: [    1.620497] ohci-pci: OHCI PCI platform driver
Mar 30 16:00:22 ip-172-31-16-186 kernel: [    1.628392] ohci-platform: OHCI generic platform driver
Mar 30 16:00:22 ip-172-31-16-186 kernel: [    1.633901] uhci_hcd: USB Universal Host Controller Interface driver
Mar 30 16:00:22 ip-172-31-16-186 kernel: [    1.640714] i8042: PNP: PS/2 Controller [PNP0303:PS2K,PNP0f13:PS2M] at 0x60,0x64 irq 1,12
Mar 30 16:00:22 ip-172-31-16-186 kernel: [    1.657950] serio: i8042 KBD port at 0x60,0x64 irq 1
Mar 30 16:00:22 ip-172-31-16-186 kernel: [    1.667860] serio: i8042 AUX port at 0x60,0x64 irq 12
Mar 30 16:00:22 ip-172-31-16-186 kernel: [    1.674659] mousedev: PS/2 mouse device common for all mice
Mar 30 16:00:22 ip-172-31-16-186 kernel: [    1.682150] input: AT Translated Set 2 keyboard as /devices/platform/i8042/serio0/input/input2
Mar 30 16:00:22 ip-172-31-16-186 kernel: [    1.693727] rtc_cmos 00:02: rtc core: registered rtc_cmos as rtc0
Mar 30 16:00:22 ip-172-31-16-186 kernel: [    1.703395] rtc_cmos 00:02: alarms up to one day, 114 bytes nvram, hpet irqs
Mar 30 16:00:22 ip-172-31-16-186 kernel: [    1.719505] device-mapper: uevent: version 1.0.3
Mar 30 16:00:22 ip-172-31-16-186 kernel: [    1.724483] device-mapper: ioctl: 4.37.0-ioctl (2017-09-20) initialised: dm-devel@redhat.com
Mar 30 16:00:22 ip-172-31-16-186 kernel: [    1.733046] NET: Registered protocol family 10
Mar 30 16:00:22 ip-172-31-16-186 kernel: [    1.742244] Segment Routing with IPv6
Mar 30 16:00:22 ip-172-31-16-186 kernel: [    1.751816] NET: Registered protocol family 17
Mar 30 16:00:22 ip-172-31-16-186 kernel: [    1.758421] Key type dns_resolver registered
Mar 30 16:00:22 ip-172-31-16-186 kernel: [    1.764197] intel_rdt: Intel RDT L3 allocation detected
Mar 30 16:00:22 ip-172-31-16-186 kernel: [    1.771002] RAS: Correctable Errors collector initialized.
Mar 30 16:00:22 ip-172-31-16-186 kernel: [    1.776660] sched_clock: Marking stable (1776611392, 0)->(11846297680, -10069686288)
Mar 30 16:00:22 ip-172-31-16-186 kernel: [    1.784424] registered taskstats version 1
Mar 30 16:00:22 ip-172-31-16-186 kernel: [    1.788376] Loading compiled-in X.509 certificates
Mar 30 16:00:22 ip-172-31-16-186 kernel: [    1.793905] blkfront: xvda: barrier or flush: disabled; persistent grants: disabled; indirect descriptors: enabled;
Mar 30 16:00:22 ip-172-31-16-186 kernel: [    1.805260] Loaded X.509 cert 'Build time autogenerated kernel key: eecee81fa320f23b3c260b2d4df9c0e6a20b8263'
Mar 30 16:00:22 ip-172-31-16-186 kernel: [    1.814685] zswap: loaded using pool lzo/zbud
Mar 30 16:00:22 ip-172-31-16-186 kernel: [    1.822114]  xvda: xvda1
Mar 30 16:00:22 ip-172-31-16-186 kernel: [    1.826570] Key type big_key registered
Mar 30 16:00:22 ip-172-31-16-186 kernel: [    1.830578] Key type trusted registered
Mar 30 16:00:22 ip-172-31-16-186 kernel: [    1.835694] Key type encrypted registered
Mar 30 16:00:22 ip-172-31-16-186 kernel: [    1.840244] AppArmor: AppArmor sha1 policy hashing enabled
Mar 30 16:00:22 ip-172-31-16-186 kernel: [    1.848008] ima: No TPM chip found, activating TPM-bypass! (rc=-19)
Mar 30 16:00:22 ip-172-31-16-186 kernel: [    1.853965] ima: Allocated hash algorithm: sha1
Mar 30 16:00:22 ip-172-31-16-186 kernel: [    1.858250] evm: HMAC attrs: 0x1
Mar 30 16:00:22 ip-172-31-16-186 kernel: [    1.862056]   Magic number: 11:893:35
Mar 30 16:00:22 ip-172-31-16-186 kernel: [    1.865846] bdi 7:0: hash matches
Mar 30 16:00:22 ip-172-31-16-186 kernel: [    1.869391] rtc_cmos 00:02: setting system clock to 2019-03-30 16:00:13 UTC (1553961613)
Mar 30 16:00:22 ip-172-31-16-186 kernel: [    1.876790] BIOS EDD facility v0.16 2004-Jun-25, 0 devices found
Mar 30 16:00:22 ip-172-31-16-186 kernel: [    1.883010] EDD information not available.
Mar 30 16:00:22 ip-172-31-16-186 kernel: [    1.890289] Freeing unused kernel memory: 2372K
Mar 30 16:00:22 ip-172-31-16-186 kernel: [    1.900073] Write protecting the kernel read-only data: 18432k
Mar 30 16:00:22 ip-172-31-16-186 kernel: [    1.907807] Freeing unused kernel memory: 2008K
Mar 30 16:00:22 ip-172-31-16-186 kernel: [    1.912550] Freeing unused kernel memory: 176K
Mar 30 16:00:22 ip-172-31-16-186 kernel: [    1.922137] x86/mm: Checked W+X mappings: passed, no W+X pages found.
Mar 30 16:00:22 ip-172-31-16-186 kernel: [    1.927861] x86/mm: Checking user space page tables
Mar 30 16:00:22 ip-172-31-16-186 kernel: [    1.937725] x86/mm: Checked W+X mappings: passed, no W+X pages found.
Mar 30 16:00:22 ip-172-31-16-186 kernel: [    1.960155] random: udevadm: uninitialized urandom read (16 bytes read)
Mar 30 16:00:22 ip-172-31-16-186 kernel: [    1.968686] random: systemd-udevd: uninitialized urandom read (16 bytes read)
Mar 30 16:00:22 ip-172-31-16-186 kernel: [    1.977113] random: systemd-udevd: uninitialized urandom read (16 bytes read)
Mar 30 16:00:22 ip-172-31-16-186 kernel: [    2.128410] AVX2 version of gcm_enc/dec engaged.
Mar 30 16:00:22 ip-172-31-16-186 kernel: [    2.134284] AES CTR mode by8 optimization enabled
Mar 30 16:00:22 ip-172-31-16-186 kernel: [    2.336134] tsc: Refined TSC clocksource calibration: 2400.000 MHz
Mar 30 16:00:22 ip-172-31-16-186 kernel: [    2.342748] clocksource: tsc: mask: 0xffffffffffffffff max_cycles: 0x22983777dd9, max_idle_ns: 440795300422 ns
Mar 30 16:00:22 ip-172-31-16-186 kernel: [    3.892068] raid6: sse2x1   gen()  9181 MB/s
Mar 30 16:00:22 ip-172-31-16-186 kernel: [    3.948067] raid6: sse2x1   xor()  6491 MB/s
Mar 30 16:00:22 ip-172-31-16-186 kernel: [    4.000078] raid6: sse2x2   gen() 11172 MB/s
Mar 30 16:00:22 ip-172-31-16-186 kernel: [    4.052063] raid6: sse2x2   xor()  7081 MB/s
Mar 30 16:00:22 ip-172-31-16-186 kernel: [    4.104062] raid6: sse2x4   gen() 13047 MB/s
Mar 30 16:00:22 ip-172-31-16-186 kernel: [    4.156065] raid6: sse2x4   xor()  8055 MB/s
Mar 30 16:00:22 ip-172-31-16-186 kernel: [    4.216065] raid6: avx2x1   gen() 17981 MB/s
Mar 30 16:00:22 ip-172-31-16-186 kernel: [    4.268070] raid6: avx2x1   xor() 12213 MB/s
Mar 30 16:00:22 ip-172-31-16-186 kernel: [    4.320066] raid6: avx2x2   gen() 21144 MB/s
Mar 30 16:00:22 ip-172-31-16-186 kernel: [    4.372067] raid6: avx2x2   xor() 12729 MB/s
Mar 30 16:00:22 ip-172-31-16-186 kernel: [    4.424064] raid6: avx2x4   gen() 23497 MB/s
Mar 30 16:00:22 ip-172-31-16-186 kernel: [    4.476062] raid6: avx2x4   xor() 14685 MB/s
Mar 30 16:00:22 ip-172-31-16-186 kernel: [    4.480878] raid6: using algorithm avx2x4 gen() 23497 MB/s
Mar 30 16:00:22 ip-172-31-16-186 kernel: [    4.486248] raid6: .... xor() 14685 MB/s, rmw enabled
Mar 30 16:00:22 ip-172-31-16-186 kernel: [    4.490769] raid6: using avx2x2 recovery algorithm
Mar 30 16:00:22 ip-172-31-16-186 kernel: [    4.497088] xor: automatically using best checksumming function   avx       
Mar 30 16:00:22 ip-172-31-16-186 kernel: [    4.504871] async_tx: api initialized (async)
Mar 30 16:00:22 ip-172-31-16-186 kernel: [    4.570155] Btrfs loaded, crc32c=crc32c-intel
Mar 30 16:00:22 ip-172-31-16-186 kernel: [    4.609633] EXT4-fs (xvda1): mounted filesystem with ordered data mode. Opts: (null)
Mar 30 16:00:22 ip-172-31-16-186 kernel: [    4.795468] ip_tables: (C) 2000-2006 Netfilter Core Team
Mar 30 16:00:22 ip-172-31-16-186 kernel: [    4.807091] systemd[1]: systemd 237 running in system mode. (+PAM +AUDIT +SELINUX +IMA +APPARMOR +SMACK +SYSVINIT +UTMP +LIBCRYPTSETUP +GCRYPT +GNUTLS +ACL +XZ +LZ4 +SECCOMP +BLKID +ELFUTILS +KMOD -IDN2 +IDN -PCRE2 default-hierarchy=hybrid)
Mar 30 16:00:22 ip-172-31-16-186 kernel: [    4.828190] systemd[1]: Detected virtualization xen.
Mar 30 16:00:22 ip-172-31-16-186 kernel: [    4.834709] systemd[1]: Detected architecture x86-64.
Mar 30 16:00:22 ip-172-31-16-186 kernel: [    4.846540] systemd[1]: Set hostname to <ubuntu>.
Mar 30 16:00:22 ip-172-31-16-186 kernel: [    4.855988] systemd[1]: Initializing machine ID from random generator.
Mar 30 16:00:22 ip-172-31-16-186 kernel: [    4.862518] systemd[1]: Installed transient /etc/machine-id file.
Mar 30 16:00:22 ip-172-31-16-186 kernel: [    5.027229] systemd[1]: Created slice System Slice.
Mar 30 16:00:22 ip-172-31-16-186 kernel: [    5.036918] systemd[1]: Listening on LVM2 poll daemon socket.
Mar 30 16:00:22 ip-172-31-16-186 kernel: [    5.047753] systemd[1]: Listening on Network Service Netlink Socket.
Mar 30 16:00:22 ip-172-31-16-186 kernel: [    5.059316] systemd[1]: Listening on udev Control Socket.
Mar 30 16:00:22 ip-172-31-16-186 kernel: [    5.227052] Loading iSCSI transport class v2.0-870.
Mar 30 16:00:22 ip-172-31-16-186 kernel: [    5.311461] iscsi: registered transport (tcp)
Mar 30 16:00:22 ip-172-31-16-186 kernel: [    5.336800] EXT4-fs (xvda1): re-mounted. Opts: discard
Mar 30 16:00:22 ip-172-31-16-186 kernel: [    5.523545] systemd-journald[385]: Received request to flush runtime journal from PID 1
Mar 30 16:00:22 ip-172-31-16-186 kernel: [    5.615393] iscsi: registered transport (iser)
Mar 30 16:00:22 ip-172-31-16-186 kernel: [    6.652989] random: crng init done
Mar 30 16:00:22 ip-172-31-16-186 kernel: [    6.652991] random: 7 urandom warning(s) missed due to ratelimiting
Mar 30 16:00:22 ip-172-31-16-186 kernel: [    6.746419] audit: type=1400 audit(1553961618.372:2): apparmor="STATUS" operation="profile_load" profile="unconfined" name="lxc-container-default" pid=459 comm="apparmor_parser"
Mar 30 16:00:22 ip-172-31-16-186 kernel: [    6.750088] audit: type=1400 audit(1553961618.376:3): apparmor="STATUS" operation="profile_load" profile="unconfined" name="lxc-container-default-cgns" pid=459 comm="apparmor_parser"
Mar 30 16:00:22 ip-172-31-16-186 kernel: [    6.750580] audit: type=1400 audit(1553961618.376:4): apparmor="STATUS" operation="profile_load" profile="unconfined" name="lxc-container-default-with-mounting" pid=459 comm="apparmor_parser"
Mar 30 16:00:22 ip-172-31-16-186 kernel: [    6.751067] audit: type=1400 audit(1553961618.376:5): apparmor="STATUS" operation="profile_load" profile="unconfined" name="lxc-container-default-with-nesting" pid=459 comm="apparmor_parser"
Mar 30 16:00:22 ip-172-31-16-186 kernel: [    7.235139] audit: type=1400 audit(1553961618.860:6): apparmor="STATUS" operation="profile_load" profile="unconfined" name="/sbin/dhclient" pid=463 comm="apparmor_parser"
Mar 30 16:00:22 ip-172-31-16-186 kernel: [    7.235688] audit: type=1400 audit(1553961618.860:7): apparmor="STATUS" operation="profile_load" profile="unconfined" name="/usr/lib/NetworkManager/nm-dhcp-client.action" pid=463 comm="apparmor_parser"
Mar 30 16:00:22 ip-172-31-16-186 kernel: [    7.237544] audit: type=1400 audit(1553961618.864:8): apparmor="STATUS" operation="profile_load" profile="unconfined" name="/usr/lib/NetworkManager/nm-dhcp-helper" pid=463 comm="apparmor_parser"
Mar 30 16:00:22 ip-172-31-16-186 kernel: [    7.239051] audit: type=1400 audit(1553961618.864:9): apparmor="STATUS" operation="profile_load" profile="unconfined" name="/usr/lib/connman/scripts/dhclient-script" pid=463 comm="apparmor_parser"
Mar 30 16:00:22 ip-172-31-16-186 kernel: [    7.328611] audit: type=1400 audit(1553961618.956:10): apparmor="STATUS" operation="profile_load" profile="unconfined" name="/usr/bin/lxc-start" pid=491 comm="apparmor_parser"
Mar 30 16:00:22 ip-172-31-16-186 kernel: [    7.538956] audit: type=1400 audit(1553961619.164:11): apparmor="STATUS" operation="profile_load" profile="unconfined" name="/usr/bin/man" pid=496 comm="apparmor_parser"
Mar 30 16:00:22 ip-172-31-16-186 cloud-init[576]: |       oS.* O    |
Mar 30 16:00:22 ip-172-31-16-186 cloud-init[576]: |        o+ * +   |
Mar 30 16:00:23 ip-172-31-16-186 cloud-init[576]: |       .= . + .  |
Mar 30 16:00:23 ip-172-31-16-186 cloud-init[576]: |      .* o .     |
Mar 30 16:00:23 ip-172-31-16-186 cloud-init[576]: |       .B.E      |
Mar 30 16:00:23 ip-172-31-16-186 cloud-init[576]: +----[SHA256]-----+
Mar 30 16:00:23 ip-172-31-16-186 cloud-init[576]: Generating public/private ed25519 key pair.
Mar 30 16:00:23 ip-172-31-16-186 kernel: [   11.506502] new mount options do not match the existing superblock, will be ignored
Mar 30 16:00:23 ip-172-31-16-186 cloud-init[576]: Your identification has been saved in /etc/ssh/ssh_host_ed25519_key.
Mar 30 16:00:23 ip-172-31-16-186 cloud-init[576]: Your public key has been saved in /etc/ssh/ssh_host_ed25519_key.pub.
Mar 30 16:00:23 ip-172-31-16-186 cloud-init[576]: The key fingerprint is:
Mar 30 16:00:23 ip-172-31-16-186 cloud-init[576]: SHA256:lh2p7fpDlrAr1d8UOPYn8rq0ZQSqiNrnFx5Dmgzz5rk root@ip-172-31-16-186
Mar 30 16:00:23 ip-172-31-16-186 cloud-init[576]: The key's randomart image is:
Mar 30 16:00:23 ip-172-31-16-186 cloud-init[576]: +--[ED25519 256]--+
Mar 30 16:00:23 ip-172-31-16-186 cloud-init[576]: |                 |
Mar 30 16:00:23 ip-172-31-16-186 cloud-init[576]: |           .     |
Mar 30 16:00:23 ip-172-31-16-186 cloud-init[576]: |          o ..   |
Mar 30 16:00:23 ip-172-31-16-186 cloud-init[576]: |    o   o= o+..  |
Mar 30 16:00:23 ip-172-31-16-186 cloud-init[576]: |     = +S++o o.. |
Mar 30 16:00:23 ip-172-31-16-186 cloud-init[576]: |     .*o*o= ..+ .|
Mar 30 16:00:23 ip-172-31-16-186 cloud-init[576]: |    .o.+.B...=oo |
Mar 30 16:00:23 ip-172-31-16-186 cloud-init[576]: |   o  = +....+o  |
Mar 30 16:00:23 ip-172-31-16-186 systemd[1]: Started Initial cloud-init job (metadata service crawler).
Mar 30 16:00:23 ip-172-31-16-186 /usr/sbin/irqbalance: Balancing is ineffective on systems with a single cpu.  Shutting down
Mar 30 16:00:23 ip-172-31-16-186 cloud-init[576]: |  . .oE+....+o   |
Mar 30 16:00:23 ip-172-31-16-186 cloud-init[576]: +----[SHA256]-----+
Mar 30 16:00:23 ip-172-31-16-186 systemd[1]: Reached target Network is Online.
Mar 30 16:00:23 ip-172-31-16-186 dbus-daemon[701]: [system] AppArmor D-Bus mediation is enabled
Mar 30 16:00:23 ip-172-31-16-186 systemd[1]: Reached target Remote File Systems (Pre).
Mar 30 16:00:23 ip-172-31-16-186 dbus-daemon[701]: [system] Activating via systemd: service name='org.freedesktop.hostname1' unit='dbus-org.freedesktop.hostname1.service' requested by ':1.0' (uid=100 pid=554 comm="/lib/systemd/systemd-networkd " label="unconfined")
Mar 30 16:00:23 ip-172-31-16-186 systemd[1]: Reached target Remote File Systems.
Mar 30 16:00:23 ip-172-31-16-186 cron[697]: (CRON) INFO (pidfile fd = 3)
Mar 30 16:00:23 ip-172-31-16-186 systemd[1]: Starting Availability of block devices...
Mar 30 16:00:23 ip-172-31-16-186 cron[697]: (CRON) INFO (Running @reboot jobs)
Mar 30 16:00:23 ip-172-31-16-186 systemd[1]: Reached target System Initialization.
Mar 30 16:00:23 ip-172-31-16-186 rsyslogd: imuxsock: Acquired UNIX socket '/run/systemd/journal/syslog' (fd 3) from systemd.  [v8.32.0]
Mar 30 16:00:23 ip-172-31-16-186 systemd[1]: Listening on ACPID Listen Socket.
Mar 30 16:00:23 ip-172-31-16-186 rsyslogd: rsyslogd's groupid changed to 106
Mar 30 16:00:23 ip-172-31-16-186 systemd[1]: Listening on Open-iSCSI iscsid Socket.
Mar 30 16:00:23 ip-172-31-16-186 rsyslogd: rsyslogd's userid changed to 102
Mar 30 16:00:23 ip-172-31-16-186 systemd[1]: Started Discard unused blocks once a week.
Mar 30 16:00:23 ip-172-31-16-186 rsyslogd:  [origin software="rsyslogd" swVersion="8.32.0" x-pid="690" x-info="http://www.rsyslog.com"] start
Mar 30 16:00:23 ip-172-31-16-186 apport[728]:  * Starting automatic crash report generation: apport
Mar 30 16:00:23 ip-172-31-16-186 apport[728]:    ...done.
Mar 30 16:00:23 ip-172-31-16-186 systemd[1]: Started Message of the Day.
Mar 30 16:00:23 ip-172-31-16-186 dbus-daemon[701]: [system] Activating via systemd: service name='org.freedesktop.PolicyKit1' unit='polkit.service' requested by ':1.4' (uid=0 pid=715 comm="/usr/lib/accountsservice/accounts-daemon " label="unconfined")
Mar 30 16:00:23 ip-172-31-16-186 grub-common[729]:  * Recording successful boot for GRUB
Mar 30 16:00:23 ip-172-31-16-186 grub-common[729]:    ...done.
Mar 30 16:00:23 ip-172-31-16-186 systemd[1]: Started ACPI Events Check.
Mar 30 16:00:23 ip-172-31-16-186 polkitd[771]: started daemon version 0.105 using authority implementation `local' version `0.105'
Mar 30 16:00:23 ip-172-31-16-186 systemd[1]: Listening on UUID daemon activation socket.
Mar 30 16:00:23 ip-172-31-16-186 dbus-daemon[701]: [system] Successfully activated service 'org.freedesktop.PolicyKit1'
Mar 30 16:00:23 ip-172-31-16-186 systemd[1]: Started Daily apt download activities.
Mar 30 16:00:23 ip-172-31-16-186 accounts-daemon[715]: started daemon version 0.6.45
Mar 30 16:00:23 ip-172-31-16-186 systemd[1]: Started Daily apt upgrade and clean activities.
Mar 30 16:00:23 ip-172-31-16-186 pollinate[743]: client sent challenge to [https://entropy.ubuntu.com/]
Mar 30 16:00:23 ip-172-31-16-186 lxcfs[746]: mount namespace: 5
Mar 30 16:00:23 ip-172-31-16-186 lxcfs[746]: hierarchies:
Mar 30 16:00:23 ip-172-31-16-186 lxcfs[746]:   0: fd:   6: pids
Mar 30 16:00:23 ip-172-31-16-186 lxcfs[746]:   1: fd:   7: hugetlb
Mar 30 16:00:23 ip-172-31-16-186 lxcfs[746]:   2: fd:   8: devices
Mar 30 16:00:23 ip-172-31-16-186 lxcfs[746]:   3: fd:   9: cpu,cpuacct
Mar 30 16:00:23 ip-172-31-16-186 lxcfs[746]:   4: fd:  10: cpuset
Mar 30 16:00:23 ip-172-31-16-186 lxcfs[746]:   5: fd:  11: perf_event
Mar 30 16:00:23 ip-172-31-16-186 lxcfs[746]:   6: fd:  12: rdma
Mar 30 16:00:23 ip-172-31-16-186 lxcfs[746]:   7: fd:  13: memory
Mar 30 16:00:23 ip-172-31-16-186 lxcfs[746]:   8: fd:  14: blkio
Mar 30 16:00:23 ip-172-31-16-186 lxcfs[746]:   9: fd:  15: freezer
Mar 30 16:00:23 ip-172-31-16-186 lxcfs[746]:  10: fd:  16: net_cls,net_prio
Mar 30 16:00:23 ip-172-31-16-186 lxcfs[746]:  11: fd:  17: name=systemd
Mar 30 16:00:23 ip-172-31-16-186 lxcfs[746]:  12: fd:  18: unified
Mar 30 16:00:23 ip-172-31-16-186 systemd[1]: Starting Socket activation for snappy daemon.
Mar 30 16:00:23 ip-172-31-16-186 dbus-daemon[701]: [system] Successfully activated service 'org.freedesktop.hostname1'
Mar 30 16:00:23 ip-172-31-16-186 systemd[1]: Started Daily Cleanup of Temporary Directories.
Mar 30 16:00:23 ip-172-31-16-186 systemd[1]: Reached target Timers.
Mar 30 16:00:23 ip-172-31-16-186 systemd[1]: Listening on D-Bus System Message Bus Socket.
Mar 30 16:00:23 ip-172-31-16-186 systemd[1]: Starting LXD - unix socket.
Mar 30 16:00:23 ip-172-31-16-186 systemd[1]: Reached target Paths.
Mar 30 16:00:23 ip-172-31-16-186 systemd[1]: Reached target Cloud-config availability.
Mar 30 16:00:23 ip-172-31-16-186 systemd[1]: Started Availability of block devices.
Mar 30 16:00:23 ip-172-31-16-186 systemd[1]: Listening on Socket activation for snappy daemon.
Mar 30 16:00:23 ip-172-31-16-186 systemd[1]: Listening on LXD - unix socket.
Mar 30 16:00:23 ip-172-31-16-186 systemd[1]: Reached target Sockets.
Mar 30 16:00:23 ip-172-31-16-186 systemd[1]: Reached target Basic System.
Mar 30 16:00:23 ip-172-31-16-186 systemd[1]: Started irqbalance daemon.
Mar 30 16:00:23 ip-172-31-16-186 systemd[1]: Starting System Logging Service...
Mar 30 16:00:23 ip-172-31-16-186 systemd[1]: Started Regular background program processing daemon.
Mar 30 16:00:23 ip-172-31-16-186 systemd[1]: Started D-Bus System Message Bus.
Mar 30 16:00:23 ip-172-31-16-186 systemd[1]: Starting Snappy daemon...
Mar 30 16:00:23 ip-172-31-16-186 systemd[1]: Starting Accounts Service...
Mar 30 16:00:23 ip-172-31-16-186 systemd[1]: Starting Login Service...
Mar 30 16:00:23 ip-172-31-16-186 systemd[1]: Starting LSB: automatic crash report generation...
Mar 30 16:00:23 ip-172-31-16-186 systemd[1]: Starting LSB: Record successful boot for GRUB...
Mar 30 16:00:23 ip-172-31-16-186 systemd[1]: Starting Dispatcher daemon for systemd-networkd...
Mar 30 16:00:23 ip-172-31-16-186 systemd[1]: Starting LXD - container startup/shutdown...
Mar 30 16:00:23 ip-172-31-16-186 systemd[1]: Starting Pollinate to seed the pseudo random number generator...
Mar 30 16:00:23 ip-172-31-16-186 systemd[1]: Started FUSE filesystem for LXC.
Mar 30 16:00:23 ip-172-31-16-186 systemd[1]: Starting Permit User Sessions...
Mar 30 16:00:23 ip-172-31-16-186 systemd[1]: Started Deferred execution scheduler.
Mar 30 16:00:23 ip-172-31-16-186 systemd[1]: Started System Logging Service.
Mar 30 16:00:23 ip-172-31-16-186 systemd[1]: Started Login Service.
Mar 30 16:00:23 ip-172-31-16-186 systemd[1]: Started Permit User Sessions.
Mar 30 16:00:23 ip-172-31-16-186 systemd[1]: Starting Hold until boot process finishes up...
Mar 30 16:00:23 ip-172-31-16-186 systemd[1]: Starting Terminate Plymouth Boot Screen...
Mar 30 16:00:23 ip-172-31-16-186 systemd[1]: Starting Authorization Manager...
Mar 30 16:00:23 ip-172-31-16-186 systemd[1]: Started Unattended Upgrades Shutdown.
Mar 30 16:00:23 ip-172-31-16-186 systemd[1]: Starting Hostname Service...
Mar 30 16:00:23 ip-172-31-16-186 systemd[1]: Started Hold until boot process finishes up.
Mar 30 16:00:23 ip-172-31-16-186 systemd[1]: Started LSB: automatic crash report generation.
Mar 30 16:00:23 ip-172-31-16-186 systemd[1]: Started Terminate Plymouth Boot Screen.
Mar 30 16:00:23 ip-172-31-16-186 systemd[1]: Started Serial Getty on ttyS0.
Mar 30 16:00:23 ip-172-31-16-186 systemd[1]: Starting Set console scheme...
Mar 30 16:00:23 ip-172-31-16-186 systemd[1]: Started LSB: Record successful boot for GRUB.
Mar 30 16:00:23 ip-172-31-16-186 systemd[1]: Started Authorization Manager.
Mar 30 16:00:23 ip-172-31-16-186 systemd[1]: Started Accounts Service.
Mar 30 16:00:23 ip-172-31-16-186 systemd[1]: Started Set console scheme.
Mar 30 16:00:23 ip-172-31-16-186 systemd[1]: Started Hostname Service.
Mar 30 16:00:23 ip-172-31-16-186 systemd[1]: Created slice system-getty.slice.
Mar 30 16:00:23 ip-172-31-16-186 systemd[1]: Started Getty on tty1.
Mar 30 16:00:23 ip-172-31-16-186 systemd[1]: Reached target Login Prompts.
Mar 30 16:00:23 ip-172-31-16-186 networkd-dispatcher[736]: No valid path found for iwconfig
Mar 30 16:00:23 ip-172-31-16-186 networkd-dispatcher[736]: No valid path found for iw
Mar 30 16:00:23 ip-172-31-16-186 snapd[714]: AppArmor status: apparmor is enabled and all features are available
Mar 30 16:00:23 ip-172-31-16-186 systemd[1]: Started Dispatcher daemon for systemd-networkd.
Mar 30 16:00:23 ip-172-31-16-186 systemd[1]: Started LXD - container startup/shutdown.
Mar 30 16:00:24 ip-172-31-16-186 snapd[714]: helpers.go:145: error trying to compare the snap system key: system-key missing on disk
Mar 30 16:00:24 ip-172-31-16-186 snapd[714]: daemon.go:379: started snapd/2.37.1.1+18.04 (series 16; classic) ubuntu/18.04 (amd64) linux/4.15.0-1032-aws.
Mar 30 16:00:24 ip-172-31-16-186 pollinate[743]: client verified challenge/response with [https://entropy.ubuntu.com/]
Mar 30 16:00:24 ip-172-31-16-186 systemd[1]: Started Snappy daemon.
Mar 30 16:00:24 ip-172-31-16-186 systemd[1]: Starting Wait until snapd is fully seeded...
Mar 30 16:00:24 ip-172-31-16-186 pollinate[743]: client hashed response from [https://entropy.ubuntu.com/]
Mar 30 16:00:24 ip-172-31-16-186 pollinate[743]: client successfully seeded [/dev/urandom]
Mar 30 16:00:24 ip-172-31-16-186 systemd[1]: Started Pollinate to seed the pseudo random number generator.
Mar 30 16:00:24 ip-172-31-16-186 systemd[1]: Starting OpenBSD Secure Shell server...
Mar 30 16:00:24 ip-172-31-16-186 systemd[1]: Started OpenBSD Secure Shell server.
Mar 30 16:00:27 ip-172-31-16-186 systemd[1]: Reloading.
Mar 30 16:00:27 ip-172-31-16-186 systemd[1]: Mounting Mount unit for core, revision 6350...
Mar 30 16:00:27 ip-172-31-16-186 systemd[1]: Mounted Mount unit for core, revision 6350.
Mar 30 16:00:28 ip-172-31-16-186 kernel: [   17.081695] kauditd_printk_skb: 5 callbacks suppressed
Mar 30 16:00:28 ip-172-31-16-186 kernel: [   17.081696] audit: type=1400 audit(1553961628.708:17): apparmor="STATUS" operation="profile_load" profile="unconfined" name="/snap/core/6350/usr/lib/snapd/snap-confine" pid=1052 comm="apparmor_parser"
Mar 30 16:00:28 ip-172-31-16-186 kernel: [   17.082060] audit: type=1400 audit(1553961628.708:18): apparmor="STATUS" operation="profile_load" profile="unconfined" name="/snap/core/6350/usr/lib/snapd/snap-confine//mount-namespace-capture-helper" pid=1052 comm="apparmor_parser"
Mar 30 16:00:28 ip-172-31-16-186 kernel: [   17.107346] audit: type=1400 audit(1553961628.732:19): apparmor="STATUS" operation="profile_load" profile="unconfined" name="snap-update-ns.core" pid=1054 comm="apparmor_parser"
Mar 30 16:00:28 ip-172-31-16-186 kernel: [   17.172172] audit: type=1400 audit(1553961628.800:20): apparmor="STATUS" operation="profile_load" profile="unconfined" name="snap.core.hook.configure" pid=1055 comm="apparmor_parser"
Mar 30 16:00:28 ip-172-31-16-186 snapd[714]: link.go:75: cannot update fontconfig cache: cannot get fc-cache-v6 from core: open /snap/core/current/bin/fc-cache-v6: no such file or directory
Mar 30 16:00:28 ip-172-31-16-186 snapd[714]: daemon.go:611: gracefully waiting for running hooks
Mar 30 16:00:28 ip-172-31-16-186 snapd[714]: daemon.go:613: done waiting for running hooks
Mar 30 16:00:29 ip-172-31-16-186 systemd[1]: snapd.service: Service hold-off time over, scheduling restart.
Mar 30 16:00:29 ip-172-31-16-186 systemd[1]: snapd.service: Scheduled restart job, restart counter is at 1.
Mar 30 16:00:29 ip-172-31-16-186 systemd[1]: Stopped Snappy daemon.
Mar 30 16:00:29 ip-172-31-16-186 systemd[1]: Starting Snappy daemon...
Mar 30 16:00:29 ip-172-31-16-186 snapd[1066]: AppArmor status: apparmor is enabled and all features are available
Mar 30 16:00:29 ip-172-31-16-186 snapd[1066]: daemon.go:379: started snapd/2.37.1.1+18.04 (series 16; classic) ubuntu/18.04 (amd64) linux/4.15.0-1032-aws.
Mar 30 16:00:29 ip-172-31-16-186 systemd[1]: Started Snappy daemon.
Mar 30 16:00:29 ip-172-31-16-186 systemd[1]: Reloading.
Mar 30 16:00:29 ip-172-31-16-186 systemd[1]: Mounting Mount unit for amazon-ssm-agent, revision 930...
Mar 30 16:00:29 ip-172-31-16-186 systemd[1]: Mounted Mount unit for amazon-ssm-agent, revision 930.
Mar 30 16:00:29 ip-172-31-16-186 kernel: [   18.122268] audit: type=1400 audit(1553961629.748:21): apparmor="STATUS" operation="profile_load" profile="unconfined" name="snap-update-ns.amazon-ssm-agent" pid=1180 comm="apparmor_parser"
Mar 30 16:00:29 ip-172-31-16-186 kernel: [   18.125070] audit: type=1400 audit(1553961629.752:22): apparmor="STATUS" operation="profile_load" profile="unconfined" name="snap.amazon-ssm-agent.amazon-ssm-agent" pid=1181 comm="apparmor_parser"
Mar 30 16:00:29 ip-172-31-16-186 kernel: [   18.127498] audit: type=1400 audit(1553961629.752:23): apparmor="STATUS" operation="profile_load" profile="unconfined" name="snap.amazon-ssm-agent.ssm-cli" pid=1182 comm="apparmor_parser"
Mar 30 16:00:29 ip-172-31-16-186 systemd[1]: Reloading.
Mar 30 16:00:30 ip-172-31-16-186 systemd[1]: Started Service for snap application amazon-ssm-agent.amazon-ssm-agent.
Mar 30 16:00:30 ip-172-31-16-186 amazon-ssm-agent.amazon-ssm-agent[1213]: 2019/03/30 16:00:30 Failed to load instance info from vault. RegistrationKey does not exist.
Mar 30 16:00:30 ip-172-31-16-186 systemd[1]: Started Wait until snapd is fully seeded.
Mar 30 16:00:30 ip-172-31-16-186 systemd[1]: Starting Apply the settings specified in cloud-config...
Mar 30 16:00:30 ip-172-31-16-186 systemd[1]: Reached target Multi-User System.
Mar 30 16:00:30 ip-172-31-16-186 systemd[1]: Reached target Graphical Interface.
Mar 30 16:00:30 ip-172-31-16-186 systemd[1]: Starting Update UTMP about System Runlevel Changes...
Mar 30 16:00:30 ip-172-31-16-186 snapd[1066]: udevmon.go:190: udev monitor observed remove event for unknown device "/sys/kernel/slab/:A-0000208/cgroup/vm_area_struct(812:snapd.seeded.service)"
Mar 30 16:00:30 ip-172-31-16-186 snapd[1066]: udevmon.go:190: udev monitor observed remove event for unknown device "/sys/kernel/slab/:A-0002112/cgroup/mm_struct(812:snapd.seeded.service)"
Mar 30 16:00:30 ip-172-31-16-186 snapd[1066]: udevmon.go:190: udev monitor observed remove event for unknown device "/sys/kernel/slab/:A-0001024/cgroup/signal_cache(812:snapd.seeded.service)"
Mar 30 16:00:30 ip-172-31-16-186 snapd[1066]: udevmon.go:190: udev monitor observed remove event for unknown device "/sys/kernel/slab/:A-0000256/cgroup/filp(812:snapd.seeded.service)"
Mar 30 16:00:30 ip-172-31-16-186 snapd[1066]: udevmon.go:190: udev monitor observed remove event for unknown device "/sys/kernel/slab/proc_inode_cache/cgroup/proc_inode_cache(812:snapd.seeded.service)"
Mar 30 16:00:30 ip-172-31-16-186 snapd[1066]: udevmon.go:190: udev monitor observed remove event for unknown device "/sys/kernel/slab/:A-0000704/cgroup/files_cache(812:snapd.seeded.service)"
Mar 30 16:00:30 ip-172-31-16-186 snapd[1066]: udevmon.go:190: udev monitor observed remove event for unknown device "/sys/kernel/slab/:A-0000072/cgroup/eventpoll_pwq(812:snapd.seeded.service)"
Mar 30 16:00:30 ip-172-31-16-186 snapd[1066]: udevmon.go:190: udev monitor observed remove event for unknown device "/sys/kernel/slab/:A-0000128/cgroup/eventpoll_epi(812:snapd.seeded.service)"
Mar 30 16:00:30 ip-172-31-16-186 snapd[1066]: udevmon.go:190: udev monitor observed remove event for unknown device "/sys/kernel/slab/sock_inode_cache/cgroup/sock_inode_cache(812:snapd.seeded.service)"
Mar 30 16:00:30 ip-172-31-16-186 snapd[1066]: udevmon.go:190: udev monitor observed remove event for unknown device "/sys/kernel/slab/inode_cache/cgroup/inode_cache(812:snapd.seeded.service)"
Mar 30 16:00:30 ip-172-31-16-186 snapd[1066]: udevmon.go:190: udev monitor observed remove event for unknown device "/sys/kernel/slab/sighand_cache/cgroup/sighand_cache(812:snapd.seeded.service)"
Mar 30 16:00:30 ip-172-31-16-186 snapd[1066]: udevmon.go:190: udev monitor observed remove event for unknown device "/sys/kernel/slab/:A-0005824/cgroup/task_struct(812:snapd.seeded.service)"
Mar 30 16:00:30 ip-172-31-16-186 snapd[1066]: udevmon.go:190: udev monitor observed remove event for unknown device "/sys/kernel/slab/:A-0000064/cgroup/pid(812:snapd.seeded.service)"
Mar 30 16:00:30 ip-172-31-16-186 snapd[1066]: udevmon.go:190: udev monitor observed remove event for unknown device "/sys/kernel/slab/anon_vma/cgroup/anon_vma(812:snapd.seeded.service)"
Mar 30 16:00:30 ip-172-31-16-186 snapd[1066]: udevmon.go:190: udev monitor observed remove event for unknown device "/sys/kernel/slab/:0000512/cgroup/kmalloc-512(812:snapd.seeded.service)"
Mar 30 16:00:30 ip-172-31-16-186 snapd[1066]: udevmon.go:190: udev monitor observed remove event for unknown device "/sys/kernel/slab/:0001024/cgroup/kmalloc-1024(812:snapd.seeded.service)"
Mar 30 16:00:30 ip-172-31-16-186 snapd[1066]: udevmon.go:190: udev monitor observed remove event for unknown device "/sys/kernel/slab/:0000256/cgroup/kmalloc-256(812:snapd.seeded.service)"
Mar 30 16:00:30 ip-172-31-16-186 snapd[1066]: udevmon.go:190: udev monitor observed remove event for unknown device "/sys/kernel/slab/:0000192/cgroup/kmalloc-192(812:snapd.seeded.service)"
Mar 30 16:00:30 ip-172-31-16-186 systemd[1]: Started Update UTMP about System Runlevel Changes.
Mar 30 16:00:30 ip-172-31-16-186 snapd[1066]: udevmon.go:190: udev monitor observed remove event for unknown device "/sys/cred_jar(1241:systemd-update-utmp-runlevel.service)"
Mar 30 16:00:30 ip-172-31-16-186 amazon-ssm-agent.amazon-ssm-agent[1213]: Error occurred fetching the seelog config file path:  open /etc/amazon/ssm/seelog.xml: no such file or directory
Mar 30 16:00:30 ip-172-31-16-186 amazon-ssm-agent.amazon-ssm-agent[1213]: Initializing new seelog logger
Mar 30 16:00:30 ip-172-31-16-186 amazon-ssm-agent.amazon-ssm-agent[1213]: New Seelog Logger Creation Complete
Mar 30 16:00:30 ip-172-31-16-186 amazon-ssm-agent.amazon-ssm-agent[1213]: 2019-03-30 16:00:30 ERROR Error adding the directory to watcher: no such file or directory
Mar 30 16:00:30 ip-172-31-16-186 amazon-ssm-agent.amazon-ssm-agent[1213]: 2019-03-30 16:00:30 INFO Agent is in hibernate mode. Reducing logging. Logging will be reduced to one log per backoff period
Mar 30 16:00:31 ip-172-31-16-186 amazon-ssm-agent.amazon-ssm-agent[1213]: 2019-03-30 16:00:30 INFO Entering SSM Agent hibernate - NoCredentialProviders: no valid providers in chain. Deprecated.
Mar 30 16:00:31 ip-172-31-16-186 amazon-ssm-agent.amazon-ssm-agent[1213]: #011For verbose messaging see aws.Config.CredentialsChainVerboseErrors
Mar 30 16:00:31 ip-172-31-16-186 systemd-resolved[565]: Server returned error NXDOMAIN, mitigating potential DNS violation DVE-2018-0001, retrying transaction with reduced feature level UDP.
Mar 30 16:00:31 ip-172-31-16-186 systemd-resolved[565]: message repeated 3 times: [ Server returned error NXDOMAIN, mitigating potential DNS violation DVE-2018-0001, retrying transaction with reduced feature level UDP.]
Mar 30 16:00:31 ip-172-31-16-186 cloud-init[1239]: Cloud-init v. 18.4-0ubuntu1~18.04.1 running 'modules:config' at Sat, 30 Mar 2019 16:00:31 +0000. Up 19.58 seconds.
Mar 30 16:00:31 ip-172-31-16-186 systemd[1]: Started Apply the settings specified in cloud-config.
Mar 30 16:00:31 ip-172-31-16-186 systemd[1]: Starting Execute cloud user/final scripts...
Mar 30 16:00:32 ip-172-31-16-186 ec2: 
Mar 30 16:00:32 ip-172-31-16-186 ec2: #############################################################
Mar 30 16:00:32 ip-172-31-16-186 ec2: -----BEGIN SSH HOST KEY FINGERPRINTS-----
Mar 30 16:00:32 ip-172-31-16-186 ec2: 1024 SHA256:WO9KChseH7PkQuQRUrqcgN7fCmcQe47qGCoNLgW/tWc root@ip-172-31-16-186 (DSA)
Mar 30 16:00:32 ip-172-31-16-186 ec2: 256 SHA256:RGW7ncZIjQr32gfTD55EEkGNapBeOciX7K2sz8vklNs root@ip-172-31-16-186 (ECDSA)
Mar 30 16:00:32 ip-172-31-16-186 ec2: 256 SHA256:lh2p7fpDlrAr1d8UOPYn8rq0ZQSqiNrnFx5Dmgzz5rk root@ip-172-31-16-186 (ED25519)
Mar 30 16:00:32 ip-172-31-16-186 ec2: 2048 SHA256:zPPTVd5LM1wtv5y0+Cu/aS5gPdmD2NyxJeLWmQwy6zE root@ip-172-31-16-186 (RSA)
Mar 30 16:00:32 ip-172-31-16-186 ec2: -----END SSH HOST KEY FINGERPRINTS-----
Mar 30 16:00:32 ip-172-31-16-186 ec2: #############################################################
Mar 30 16:00:32 ip-172-31-16-186 cloud-init[1295]: Cloud-init v. 18.4-0ubuntu1~18.04.1 running 'modules:final' at Sat, 30 Mar 2019 16:00:32 +0000. Up 20.52 seconds.
Mar 30 16:00:32 ip-172-31-16-186 cloud-init[1295]: Cloud-init v. 18.4-0ubuntu1~18.04.1 finished at Sat, 30 Mar 2019 16:00:32 +0000. Datasource DataSourceEc2Local.  Up 20.75 seconds
Mar 30 16:00:32 ip-172-31-16-186 systemd[1]: Started Execute cloud user/final scripts.
Mar 30 16:00:32 ip-172-31-16-186 systemd[1]: Reached target Cloud-init target.
Mar 30 16:00:32 ip-172-31-16-186 systemd[1]: Startup finished in 4.753s (kernel) + 16.087s (userspace) = 20.841s.
Mar 30 16:00:51 ip-172-31-16-186 systemd-timesyncd[442]: Synchronized to time server 91.189.89.199:123 (ntp.ubuntu.com).
Mar 30 16:00:53 ip-172-31-16-186 snapd[1066]: udevmon.go:190: udev monitor observed remove event for unknown device "/sys/kernel/slab/inode_cache/cgroup/inode_cache(765:systemd-hostnamed.service)"
Mar 30 16:00:53 ip-172-31-16-186 snapd[1066]: udevmon.go:190: udev monitor observed remove event for unknown device "/sys/kernel/slab/:A-0000192/cgroup/cred_jar(765:systemd-hostnamed.service)"
Mar 30 16:00:53 ip-172-31-16-186 snapd[1066]: udevmon.go:190: udev monitor observed remove event for unknown device "/sys/kernel/slab/:A-0000256/cgroup/filp(765:systemd-hostnamed.service)"
Mar 30 16:00:53 ip-172-31-16-186 snapd[1066]: udevmon.go:190: udev monitor observed remove event for unknown device "/sys/kernel/slab/proc_inode_cache/cgroup/proc_inode_cache(765:systemd-hostnamed.service)"
Mar 30 16:00:53 ip-172-31-16-186 snapd[1066]: udevmon.go:190: udev monitor observed remove event for unknown device "/sys/kernel/slab/:A-0000208/cgroup/vm_area_struct(765:systemd-hostnamed.service)"
Mar 30 16:00:53 ip-172-31-16-186 snapd[1066]: udevmon.go:190: udev monitor observed remove event for unknown device "/sys/kernel/slab/:A-0002112/cgroup/mm_struct(765:systemd-hostnamed.service)"
Mar 30 16:00:53 ip-172-31-16-186 snapd[1066]: udevmon.go:190: udev monitor observed remove event for unknown device "/sys/kernel/slab/anon_vma/cgroup/anon_vma(765:systemd-hostnamed.service)"
Mar 30 16:00:53 ip-172-31-16-186 snapd[1066]: udevmon.go:190: udev monitor observed remove event for unknown device "/sys/kernel/slab/:0000512/cgroup/kmalloc-512(765:systemd-hostnamed.service)"
Mar 30 16:00:53 ip-172-31-16-186 snapd[1066]: udevmon.go:190: udev monitor observed remove event for unknown device "/sys/kernel/slab/:A-0000064/cgroup/pid(765:systemd-hostnamed.service)"
Mar 30 16:00:53 ip-172-31-16-186 snapd[1066]: udevmon.go:190: udev monitor observed remove event for unknown device "/sys/kernel/slab/radix_tree_node/cgroup/radix_tree_node(765:systemd-hostnamed.service)"
Mar 30 16:00:53 ip-172-31-16-186 snapd[1066]: udevmon.go:190: udev monitor observed remove event for unknown device "/sys/kernel/slab/:0000256/cgroup/kmalloc-256(765:systemd-hostnamed.service)"
Mar 30 16:00:53 ip-172-31-16-186 snapd[1066]: udevmon.go:190: udev monitor observed remove event for unknown device "/sys/kernel/slab/shmem_inode_cache/cgroup/shmem_inode_cache(765:systemd-hostnamed.service)"
Mar 30 16:00:53 ip-172-31-16-186 snapd[1066]: udevmon.go:190: udev monitor observed remove event for unknown device "/sys/kernel/slab/sock_inode_cache/cgroup/sock_inode_cache(765:systemd-hostnamed.service)"
Mar 30 16:00:53 ip-172-31-16-186 snapd[1066]: udevmon.go:190: udev monitor observed remove event for unknown device "/sys/kernel/slab/:A-0000128/cgroup/eventpoll_epi(765:systemd-hostnamed.service)"
Mar 30 16:00:53 ip-172-31-16-186 snapd[1066]: udevmon.go:190: udev monitor observed remove event for unknown device "/sys/kernel/slab/:A-0000072/cgroup/eventpoll_pwq(765:systemd-hostnamed.service)"
Mar 30 16:01:40 ip-172-31-16-186 systemd[1]: Created slice User Slice of ubuntu.
Mar 30 16:01:40 ip-172-31-16-186 systemd[1]: Starting User Manager for UID 1000...
Mar 30 16:01:40 ip-172-31-16-186 systemd[1]: Started Session 1 of user ubuntu.
Mar 30 16:01:40 ip-172-31-16-186 systemd[1375]: Listening on GnuPG network certificate management daemon.
Mar 30 16:01:40 ip-172-31-16-186 systemd[1375]: Reached target Timers.
Mar 30 16:01:40 ip-172-31-16-186 systemd[1375]: Listening on GnuPG cryptographic agent and passphrase cache.
Mar 30 16:01:40 ip-172-31-16-186 systemd[1375]: Listening on GnuPG cryptographic agent (ssh-agent emulation).
Mar 30 16:01:40 ip-172-31-16-186 systemd[1375]: Listening on GnuPG cryptographic agent and passphrase cache (restricted).
Mar 30 16:01:40 ip-172-31-16-186 systemd[1375]: Listening on GnuPG cryptographic agent and passphrase cache (access for web browsers).
Mar 30 16:01:40 ip-172-31-16-186 systemd[1375]: Reached target Sockets.
Mar 30 16:01:40 ip-172-31-16-186 systemd[1375]: Reached target Paths.
Mar 30 16:01:40 ip-172-31-16-186 systemd[1375]: Reached target Basic System.
Mar 30 16:01:40 ip-172-31-16-186 systemd[1]: Started User Manager for UID 1000.
Mar 30 16:01:40 ip-172-31-16-186 systemd[1375]: Reached target Default.
Mar 30 16:01:40 ip-172-31-16-186 systemd[1375]: Startup finished in 47ms.
Mar 30 16:05:30 ip-172-31-16-186 amazon-ssm-agent.amazon-ssm-agent[1213]: 2019-03-30 16:05:30 INFO Backing off health check to every 600 seconds for 1800 seconds.
Mar 30 16:05:31 ip-172-31-16-186 amazon-ssm-agent.amazon-ssm-agent[1213]: 2019-03-30 16:05:30 ERROR Health ping failed with error - NoCredentialProviders: no valid providers in chain. Deprecated.
Mar 30 16:05:31 ip-172-31-16-186 amazon-ssm-agent.amazon-ssm-agent[1213]: #011For verbose messaging see aws.Config.CredentialsChainVerboseErrors
Mar 30 16:05:38 ip-172-31-16-186 snapd[1066]: udevmon.go:190: udev monitor observed remove event for unknown device "/sys/dentry(323:systemd-machine-id-commit.service)"
Mar 30 16:05:38 ip-172-31-16-186 snapd[1066]: udevmon.go:190: udev monitor observed remove event for unknown device "/sys/dentry(453:systemd-networkd-wait-online.service)"
Mar 30 16:05:38 ip-172-31-16-186 snapd[1066]: udevmon.go:190: udev monitor observed remove event for unknown device "/sys/dentry(232:systemd-journal-flush.service)"
Mar 30 16:05:38 ip-172-31-16-186 snapd[1066]: udevmon.go:190: udev monitor observed remove event for unknown device "/sys/cred_jar(453:systemd-networkd-wait-online.service)"
Mar 30 16:05:38 ip-172-31-16-186 snapd[1066]: udevmon.go:190: udev monitor observed remove event for unknown device "/sys/cred_jar(687:systemd-user-sessions.service)"
Mar 30 16:05:38 ip-172-31-16-186 snapd[1066]: udevmon.go:190: udev monitor observed remove event for unknown device "/sys/cred_jar(76:ufw.service)"
Mar 30 16:05:38 ip-172-31-16-186 snapd[1066]: udevmon.go:190: udev monitor observed remove event for unknown device "/sys/cred_jar(232:systemd-journal-flush.service)"
Mar 30 16:05:38 ip-172-31-16-186 snapd[1066]: udevmon.go:190: udev monitor observed remove event for unknown device "/sys/ext4_inode_cache(76:ufw.service)"
Mar 30 16:05:38 ip-172-31-16-186 snapd[1066]: udevmon.go:190: udev monitor observed remove event for unknown device "/sys/cred_jar(323:systemd-machine-id-commit.service)"
Mar 30 16:05:38 ip-172-31-16-186 snapd[1066]: udevmon.go:190: udev monitor observed remove event for unknown device "/sys/ext4_inode_cache(765:systemd-hostnamed.service)"
Mar 30 16:05:38 ip-172-31-16-186 snapd[1066]: udevmon.go:190: udev monitor observed remove event for unknown device "/sys/cred_jar(812:snapd.seeded.service)"
Mar 30 16:05:38 ip-172-31-16-186 snapd[1066]: udevmon.go:190: udev monitor observed remove event for unknown device "/sys/radix_tree_node(518:irqbalance.service)"
Mar 30 16:05:38 ip-172-31-16-186 snapd[1066]: udevmon.go:190: udev monitor observed remove event for unknown device "/sys/dentry(76:ufw.service)"
Mar 30 16:05:38 ip-172-31-16-186 snapd[1066]: udevmon.go:190: udev monitor observed remove event for unknown device "/sys/cred_jar(518:irqbalance.service)"
Mar 30 16:05:38 ip-172-31-16-186 snapd[1066]: udevmon.go:190: udev monitor observed remove event for unknown device "/sys/dentry(765:systemd-hostnamed.service)"
Mar 30 16:05:38 ip-172-31-16-186 snapd[1066]: udevmon.go:190: udev monitor observed remove event for unknown device "/sys/dentry(687:systemd-user-sessions.service)"
Mar 30 16:05:38 ip-172-31-16-186 snapd[1066]: udevmon.go:190: udev monitor observed remove event for unknown device "/sys/dentry(812:snapd.seeded.service)"
Mar 30 16:05:38 ip-172-31-16-186 snapd[1066]: udevmon.go:190: udev monitor observed remove event for unknown device "/sys/ext4_inode_cache(518:irqbalance.service)"
Mar 30 16:05:38 ip-172-31-16-186 snapd[1066]: udevmon.go:190: udev monitor observed remove event for unknown device "/sys/inode_cache(518:irqbalance.service)"
Mar 30 16:05:38 ip-172-31-16-186 snapd[1066]: udevmon.go:190: udev monitor observed remove event for unknown device "/sys/ext4_inode_cache(782:setvtrgb.service)"
Mar 30 16:05:38 ip-172-31-16-186 snapd[1066]: udevmon.go:190: udev monitor observed remove event for unknown device "/sys/dentry(518:irqbalance.service)"
Mar 30 16:05:38 ip-172-31-16-186 snapd[1066]: udevmon.go:190: udev monitor observed remove event for unknown device "/sys/dentry(782:setvtrgb.service)"
Mar 30 16:05:38 ip-172-31-16-186 snapd[1066]: udevmon.go:190: udev monitor observed remove event for unknown device "/sys/cred_jar(782:setvtrgb.service)"
Mar 30 16:05:38 ip-172-31-16-186 snapd[1066]: udevmon.go:190: udev monitor observed remove event for unknown device "/sys/dentry(349:plymouth-read-write.service)"
Mar 30 16:05:38 ip-172-31-16-186 snapd[1066]: udevmon.go:190: udev monitor observed remove event for unknown device "/sys/ext4_inode_cache(349:plymouth-read-write.service)"
Mar 30 16:05:38 ip-172-31-16-186 snapd[1066]: udevmon.go:190: udev monitor observed remove event for unknown device "/sys/radix_tree_node(349:plymouth-read-write.service)"
Mar 30 16:05:38 ip-172-31-16-186 snapd[1066]: udevmon.go:190: udev monitor observed remove event for unknown device "/sys/radix_tree_node(648:lxd-containers.service)"
Mar 30 16:05:38 ip-172-31-16-186 snapd[1066]: udevmon.go:190: udev monitor observed remove event for unknown device "/sys/dentry(648:lxd-containers.service)"
